node 151f981d started with 10 worker loops, Redis at redis://127.0.0.1:6379 (Ctrl+C to stop)
[151f981d loop 0] job 0001  file html  https://doc.rust-lang.org/std/  +229 links
[151f981d loop 0] job 0001  file html  https://doc.rust-lang.org/std/index.html  +228 links
[151f981d loop 0] job 0001  file html  https://doc.rust-lang.org/std/all.html  +1971 links
[151f981d loop 0] job 0001  file html  https://doc.rust-lang.org/std/vec/struct.Vec.html  +136 links
[151f981d loop 6] job 0001  file html  https://doc.rust-lang.org/std/iter/index.html  +65 links
[151f981d loop 4] job 0001  file html  https://doc.rust-lang.org/std/result/index.html  +22 links
[151f981d loop 3] job 0001  file html  https://doc.rust-lang.org/std/option/index.html  +26 links
[151f981d loop 5] job 0001  file html  https://doc.rust-lang.org/std/result/enum.Result.html  +67 links
[151f981d loop 9] job 0001  file html  https://doc.rust-lang.org/std/boxed/index.html  +10 links
[151f981d loop 2] job 0001  file html  https://doc.rust-lang.org/std/string/struct.String.html  +127 links
[151f981d loop 0] job 0001  file html  https://doc.rust-lang.org/std/net/struct.TcpStream.html  +68 links
[151f981d loop 8] job 0001  file html  https://doc.rust-lang.org/std/primitive.array.html  +97 links
[151f981d loop 4] job 0001  file html  https://doc.rust-lang.org/std/fs/index.html  +35 links
[151f981d loop 6] job 0001  file html  https://doc.rust-lang.org/std/net/struct.UdpSocket.html  +57 links
[151f981d loop 3] job 0001  file html  https://doc.rust-lang.org/std/net/index.html  +18 links
[151f981d loop 5] job 0001  file html  https://doc.rust-lang.org/std/sync/mpmc/index.html  +17 links
[151f981d loop 7] job 0001  file html  https://doc.rust-lang.org/std/iter/trait.Iterator.html  +271 links
[151f981d loop 9] job 0001  file html  https://doc.rust-lang.org/std/thread/fn.current.html  +4 links
[151f981d loop 1] job 0001  file html  https://doc.rust-lang.org/std/primitive.slice.html  +145 links
[151f981d loop 2] job 0001  file html  https://doc.rust-lang.org/std/primitive.i128.html  +116 links
[151f981d loop 7] job 0001  file html  https://doc.rust-lang.org/std/primitive.unit.html  +47 links
[151f981d loop 0] job 0001  file html  https://doc.rust-lang.org/std/primitive.tuple.html  +71 links
[151f981d loop 8] job 0001  file html  https://doc.rust-lang.org/std/primitive.u8.html  +134 links
[151f981d loop 2] job 0001  file html  https://doc.rust-lang.org/std/clone/index.html  +9 links
[151f981d loop 7] job 0001  file html  https://doc.rust-lang.org/std/default/index.html  +4 links
[151f981d loop 0] job 0001  file html  https://doc.rust-lang.org/std/error/index.html  +20 links
[151f981d loop 3] job 0001  file html  https://doc.rust-lang.org/std/primitive.u64.html  +130 links
[151f981d loop 5] job 0001  file html  https://doc.rust-lang.org/std/primitive.u128.html  +123 links
[151f981d loop 1] job 0001  file html  https://doc.rust-lang.org/std/primitive.f16.html  +80 links
[151f981d loop 4] job 0001  file html  https://doc.rust-lang.org/std/primitive.u16.html  +127 links
[151f981d loop 6] job 0001  file html  https://doc.rust-lang.org/std/primitive.u32.html  +130 links
[151f981d loop 8] job 0001  file html  https://doc.rust-lang.org/std/ffi/index.html  +46 links
[151f981d loop 7] job 0001  file html  https://doc.rust-lang.org/std/future/index.html  +16 links
[151f981d loop 2] job 0001  file html  https://doc.rust-lang.org/std/fmt/index.html  +46 links
[151f981d loop 0] job 0001  file html  https://doc.rust-lang.org/std/isize/index.html  +5 links
[151f981d loop 3] job 0001  file html  https://doc.rust-lang.org/std/mem/index.html  +43 links
[151f981d loop 1] job 0001  file html  https://doc.rust-lang.org/std/ops/index.html  +58 links
[151f981d loop 5] job 0001  file html  https://doc.rust-lang.org/std/num/index.html  +36 links
[151f981d loop 4] job 0001  file html  https://doc.rust-lang.org/std/path/index.html  +28 links
[151f981d loop 6] job 0001  file html  https://doc.rust-lang.org/std/pin/index.html  +31 links
[151f981d loop 8] job 0001  file html  https://doc.rust-lang.org/std/primitive/index.html  +19 links
[151f981d loop 7] job 0001  file html  https://doc.rust-lang.org/std/process/index.html  +23 links
[151f981d loop 2] job 0001  file html  https://doc.rust-lang.org/std/ptr/index.html  +47 links
[151f981d loop 3] job 0001  file html  https://doc.rust-lang.org/std/task/index.html  +16 links
[151f981d loop 0] job 0001  file html  https://doc.rust-lang.org/std/string/index.html  +11 links
[151f981d loop 1] job 0001  file html  https://doc.rust-lang.org/std/u8/index.html  +5 links
[151f981d loop 5] job 0001  file html  https://doc.rust-lang.org/std/u16/index.html  +5 links
[151f981d loop 4] job 0001  file html  https://doc.rust-lang.org/std/u32/index.html  +5 links
[151f981d loop 6] job 0001  file html  https://doc.rust-lang.org/std/u64/index.html  +5 links
[151f981d loop 8] job 0001  file html  https://doc.rust-lang.org/std/u128/index.html  +5 links
[151f981d loop 7] job 0001  file html  https://doc.rust-lang.org/std/usize/index.html  +5 links
[151f981d loop 9] job 0001  file html  https://doc.rust-lang.org/std/primitive.usize.html  +136 links
[151f981d loop 2] job 0001  file html  https://doc.rust-lang.org/std/autodiff/index.html  +4 links
[151f981d loop 0] job 0001  file html  https://doc.rust-lang.org/std/bstr/index.html  +4 links
[151f981d loop 1] job 0001  file html  https://doc.rust-lang.org/std/f16/index.html  +4 links
[151f981d loop 3] job 0001  file html  https://doc.rust-lang.org/std/async_iter/index.html  +6 links
[151f981d loop 4] job 0001  file html  https://doc.rust-lang.org/std/field/index.html  +5 links
[151f981d loop 5] job 0001  file html  https://doc.rust-lang.org/std/f128/index.html  +4 links
[151f981d loop 6] job 0001  file html  https://doc.rust-lang.org/std/from/index.html  +3 links
[151f981d loop 8] job 0001  file html  https://doc.rust-lang.org/std/intrinsics/index.html  +255 links
[151f981d loop 7] job 0001  file html  https://doc.rust-lang.org/std/offload/index.html  +5 links
[151f981d loop 9] job 0001  file html  https://doc.rust-lang.org/std/macro.assert_ne.html  +5 links
[151f981d loop 0] job 0001  file html  https://doc.rust-lang.org/std/macro.cfg_select.html  +3 links
[151f981d loop 2] job 0001  file html  https://doc.rust-lang.org/std/macro.cfg.html  +2 links
[151f981d loop 1] job 0001  file html  https://doc.rust-lang.org/std/macro.column.html  +4 links
[151f981d loop 3] job 0001  file html  https://doc.rust-lang.org/std/macro.compile_error.html  +2 links
[151f981d loop 6] job 0001  file html  https://doc.rust-lang.org/std/macro.debug_assert.html  +3 links
[151f981d loop 4] job 0001  file html  https://doc.rust-lang.org/std/macro.concat.html  +3 links
[151f981d loop 5] job 0001  file html  https://doc.rust-lang.org/std/macro.dbg.html  +2 links
[151f981d loop 8] job 0001  file html  https://doc.rust-lang.org/std/macro.debug_assert_matches.html  +5 links
[151f981d loop 7] job 0001  file html  https://doc.rust-lang.org/std/macro.debug_assert_ne.html  +3 links
[151f981d loop 4] job 0001  file html  https://doc.rust-lang.org/std/macro.include_bytes.html  +2 links
[151f981d loop 9] job 0001  file html  https://doc.rust-lang.org/std/macro.env.html  +4 links
[151f981d loop 0] job 0001  file html  https://doc.rust-lang.org/std/macro.eprint.html  +6 links
[151f981d loop 2] job 0001  file html  https://doc.rust-lang.org/std/macro.eprintln.html  +6 links
[151f981d loop 3] job 0001  file html  https://doc.rust-lang.org/std/macro.format_args.html  +9 links
[151f981d loop 1] job 0001  file html  https://doc.rust-lang.org/std/macro.file.html  +4 links
[151f981d loop 6] job 0001  file html  https://doc.rust-lang.org/std/macro.include.html  +3 links
[151f981d loop 5] job 0001  file html  https://doc.rust-lang.org/std/macro.include_str.html  +2 links
[151f981d loop 8] job 0001  file html  https://doc.rust-lang.org/std/macro.is_x86_feature_detected.html  +2 links
[151f981d loop 7] job 0001  file html  https://doc.rust-lang.org/std/macro.line.html  +4 links
[151f981d loop 0] job 0001  file html  https://doc.rust-lang.org/std/macro.option_env.html  +5 links
[151f981d loop 2] job 0001  file html  https://doc.rust-lang.org/std/macro.panic.html  +9 links
[151f981d loop 3] job 0001  file html  https://doc.rust-lang.org/std/macro.print.html  +7 links
[151f981d loop 4] job 0001  file html  https://doc.rust-lang.org/std/macro.matches.html  +3 links
[151f981d loop 9] job 0001  file html  https://doc.rust-lang.org/std/macro.module_path.html  +2 links
[151f981d loop 6] job 0001  file html  https://doc.rust-lang.org/std/macro.stringify.html  +2 links
[151f981d loop 1] job 0001  file html  https://doc.rust-lang.org/std/macro.println.html  +7 links
[151f981d loop 8] job 0001  file html  https://doc.rust-lang.org/std/thread/struct.LocalKey.html  +37 links
[151f981d loop 5] job 0001  file html  https://doc.rust-lang.org/std/macro.thread_local.html  +6 links
[151f981d loop 7] job 0001  file html  https://doc.rust-lang.org/std/macro.todo.html  +3 links
[151f981d loop 0] job 0001  file html  https://doc.rust-lang.org/std/macro.try.html  +3 links
[151f981d loop 2] job 0001  file html  https://doc.rust-lang.org/std/macro.unimplemented.html  +3 links
[151f981d loop 3] job 0001  file html  https://doc.rust-lang.org/std/macro.unreachable.html  +3 links
[151f981d loop 4] job 0001  file html  https://doc.rust-lang.org/std/macro.vec.html  +4 links
[151f981d loop 9] job 0001  file html  https://doc.rust-lang.org/std/macro.write.html  +7 links
[151f981d loop 6] job 0001  file html  https://doc.rust-lang.org/std/macro.writeln.html  +4 links
[151f981d loop 1] job 0001  file html  https://doc.rust-lang.org/std/macro.concat_bytes.html  +2 links
[151f981d loop 5] job 0001  file html  https://doc.rust-lang.org/std/macro.hash_map.html  +3 links
[151f981d loop 8] job 0001  file html  https://doc.rust-lang.org/std/macro.const_format_args.html  +3 links
[151f981d loop 7] job 0001  file html  https://doc.rust-lang.org/std/macro.log_syntax.html  +2 links
[151f981d loop 0] job 0001  file html  https://doc.rust-lang.org/std/macro.trace_macros.html  +2 links
[151f981d loop 3] job 0001  file html  https://doc.rust-lang.org/std/keyword.trait.html  +7 links
[151f981d loop 2] job 0001  file html  https://doc.rust-lang.org/std/keyword.SelfTy.html  +4 links
[151f981d loop 9] job 0001  file html  https://doc.rust-lang.org/std/keyword.as.html  +5 links
[151f981d loop 4] job 0001  file html  https://doc.rust-lang.org/std/keyword.impl.html  +2 links
[151f981d loop 6] job 0001  file html  https://doc.rust-lang.org/std/keyword.async.html  +6 links
[151f981d loop 5] job 0001  file html  https://doc.rust-lang.org/std/keyword.await.html  +4 links
[151f981d loop 1] job 0001  file html  https://doc.rust-lang.org/std/future/trait.Future.html  +21 links
[151f981d loop 8] job 0001  file html  https://doc.rust-lang.org/std/keyword.become.html  +2 links
[151f981d loop 7] job 0001  file html  https://doc.rust-lang.org/std/keyword.break.html  +2 links
[151f981d loop 0] job 0001  file html  https://doc.rust-lang.org/std/keyword.const.html  +4 links
[151f981d loop 3] job 0001  file html  https://doc.rust-lang.org/std/keyword.continue.html  +2 links
[151f981d loop 2] job 0001  file html  https://doc.rust-lang.org/std/keyword.crate.html  +2 links
[151f981d loop 4] job 0001  file html  https://doc.rust-lang.org/std/keyword.else.html  +5 links
[151f981d loop 9] job 0001  file html  https://doc.rust-lang.org/std/keyword.dyn.html  +2 links
[151f981d loop 6] job 0001  file html  https://doc.rust-lang.org/std/keyword.if.html  +2 links
[151f981d loop 5] job 0001  file html  https://doc.rust-lang.org/std/keyword.false.html  +4 links
[151f981d loop 1] job 0001  file html  https://doc.rust-lang.org/std/keyword.enum.html  +4 links
[151f981d loop 7] job 0001  file html  https://doc.rust-lang.org/std/keyword.fn.html  +4 links
[151f981d loop 8] job 0001  file html  https://doc.rust-lang.org/std/keyword.extern.html  +3 links
[151f981d loop 0] job 0001  file html  https://doc.rust-lang.org/std/keyword.for.html  +7 links
[151f981d loop 4] job 0001  file html  https://doc.rust-lang.org/std/keyword.loop.html  +4 links
[151f981d loop 9] job 0001  file html  https://doc.rust-lang.org/std/keyword.match.html  +2 links
[151f981d loop 3] job 0001  file html  https://doc.rust-lang.org/std/keyword.in.html  +3 links
[151f981d loop 2] job 0001  file html  https://doc.rust-lang.org/std/keyword.let.html  +3 links
[151f981d loop 6] job 0001  file html  https://doc.rust-lang.org/std/keyword.mod.html  +5 links
[151f981d loop 1] job 0001  file html  https://doc.rust-lang.org/std/keyword.mut.html  +2 links
[151f981d loop 5] job 0001  file html  https://doc.rust-lang.org/std/keyword.move.html  +4 links
[151f981d loop 7] job 0001  file html  https://doc.rust-lang.org/std/keyword.pub.html  +2 links
[151f981d loop 8] job 0001  file html  https://doc.rust-lang.org/std/keyword.ref.html  +3 links
[151f981d loop 0] job 0001  file html  https://doc.rust-lang.org/std/keyword.return.html  +3 links
[151f981d loop 4] job 0001  file html  https://doc.rust-lang.org/std/keyword.self.html  +3 links
[151f981d loop 9] job 0001  file html  https://doc.rust-lang.org/std/keyword.static.html  +12 links
[151f981d loop 3] job 0001  file html  https://doc.rust-lang.org/std/keyword.struct.html  +2 links
[151f981d loop 2] job 0001  file html  https://doc.rust-lang.org/std/keyword.super.html  +2 links
[151f981d loop 6] job 0001  file html  https://doc.rust-lang.org/std/keyword.true.html  +6 links
[151f981d loop 0] job 0001  file html  https://doc.rust-lang.org/std/keyword.where.html  +3 links
[151f981d loop 4] job 0001  file html  https://doc.rust-lang.org/std/keyword.while.html  +4 links
[151f981d loop 1] job 0001  file html  https://doc.rust-lang.org/std/keyword.type.html  +2 links
[151f981d loop 7] job 0001  file html  https://doc.rust-lang.org/std/keyword.unsafe.html  +7 links
[151f981d loop 8] job 0001  file html  https://doc.rust-lang.org/std/keyword.use.html  +5 links
[151f981d loop 5] job 0001  file html  https://doc.rust-lang.org/std/keyword.union.html  +3 links
[151f981d loop 9] job 0001  file html  https://doc.rust-lang.org/std/attr.derive.html  +2 links
[151f981d loop 3] job 0001  file html  https://doc.rust-lang.org/std/attribute.allow.html  +5 links
[151f981d loop 2] job 0001  file html  https://doc.rust-lang.org/std/attribute.forbid.html  +4 links
[151f981d loop 6] job 0001  file html  https://doc.rust-lang.org/std/attribute.cfg.html  +4 links
[151f981d loop 4] job 0001  file html  https://doc.rust-lang.org/std/attribute.deprecated.html  +2 links
[151f981d loop 9] job 0001  file html  https://doc.rust-lang.org/std/attribute.non_exhaustive.html  +2 links
[151f981d loop 1] job 0001  file html  https://doc.rust-lang.org/std/attribute.inline.html  +2 links
[151f981d loop 0] job 0001  file html  https://doc.rust-lang.org/std/attribute.cold.html  +2 links
[151f981d loop 8] job 0001  file html  https://doc.rust-lang.org/std/attribute.must_use.html  +5 links
[151f981d loop 7] job 0001  file html  https://doc.rust-lang.org/std/attribute.link_section.html  +2 links
[151f981d loop 5] job 0001  file html  https://doc.rust-lang.org/std/attribute.no_std.html  +4 links
[151f981d loop 2] job 0001  file html  https://doc.rust-lang.org/std/attribute.track_caller.html  +4 links
[151f981d loop 3] job 0001  file html  https://doc.rust-lang.org/std/attribute.proc_macro.html  +2 links
[151f981d loop 6] job 0001  file html  https://doc.rust-lang.org/std/attribute.warn.html  +5 links
[151f981d loop 4] job 0001  file html  https://doc.rust-lang.org/std/alloc/struct.AllocError.html  +43 links
[151f981d loop 5] job 0001  file html  https://doc.rust-lang.org/std/array/struct.IntoIter.html  +88 links
[151f981d loop 2] job 0001  file html  https://doc.rust-lang.org/std/array/struct.TryFromSliceError.html  +39 links
[151f981d loop 9] job 0001  file html  https://doc.rust-lang.org/std/alloc/struct.Global.html  +39 links
[151f981d loop 1] job 0001  file html  https://doc.rust-lang.org/std/alloc/struct.Layout.html  +43 links
[151f981d loop 0] job 0001  file html  https://doc.rust-lang.org/std/alloc/struct.LayoutError.html  +43 links
[151f981d loop 8] job 0001  file html  https://doc.rust-lang.org/std/alloc/struct.System.html  +41 links
[151f981d loop 7] job 0001  file html  https://doc.rust-lang.org/std/any/struct.TypeId.html  +46 links
[151f981d loop 3] job 0001  file html  https://doc.rust-lang.org/std/ascii/struct.EscapeDefault.html  +87 links
[151f981d loop 6] job 0001  file html  https://doc.rust-lang.org/std/async_iter/struct.FromIter.html  +40 links
[151f981d loop 5] job 0001  file html  https://doc.rust-lang.org/std/boxed/struct.BoxedArrayIntoIter.html  +86 links
[151f981d loop 4] job 0001  file html  https://doc.rust-lang.org/std/backtrace/struct.Backtrace.html  +30 links
[151f981d loop 2] job 0001  file html  https://doc.rust-lang.org/std/boxed/struct.ThinBox.html  +42 links
[151f981d loop 9] job 0001  file html  https://doc.rust-lang.org/std/bstr/struct.ByteStr.html  +114 links
[151f981d loop 1] job 0001  file html  https://doc.rust-lang.org/std/cell/struct.BorrowError.html  +34 links
[151f981d loop 0] job 0001  file html  https://doc.rust-lang.org/std/cell/struct.BorrowMutError.html  +34 links
[151f981d loop 8] job 0001  file html  https://doc.rust-lang.org/std/cell/struct.CovariantUnsafeCell.html  +30 links
[151f981d loop 7] job 0001  file html  https://doc.rust-lang.org/std/cell/struct.LazyCell.html  +38 links
[151f981d loop 3] job 0001  file html  https://doc.rust-lang.org/std/cell/struct.OnceCell.html  +41 links
[151f981d loop 6] job 0001  file html  https://doc.rust-lang.org/std/cell/struct.Ref.html  +37 links
[151f981d loop 4] job 0001  file html  https://doc.rust-lang.org/std/cell/struct.SyncUnsafeCell.html  +32 links
[151f981d loop 2] job 0001  file html  https://doc.rust-lang.org/std/cell/struct.UnsafeCell.html  +34 links
[151f981d loop 5] job 0001  file html  https://doc.rust-lang.org/std/cell/struct.RefMut.html  +38 links
[151f981d loop 0] job 0001  file html  https://doc.rust-lang.org/std/char/struct.EscapeDefault.html  +87 links
[151f981d loop 1] job 0001  file html  https://doc.rust-lang.org/std/char/struct.EscapeDebug.html  +87 links
[151f981d loop 9] job 0001  file html  https://doc.rust-lang.org/std/char/struct.DecodeUtf16Error.html  +44 links
[151f981d loop 8] job 0001  file html  https://doc.rust-lang.org/std/char/struct.EscapeUnicode.html  +87 links
[151f981d loop 7] job 0001  file html  https://doc.rust-lang.org/std/char/struct.ParseCharError.html  +43 links
[151f981d loop 3] job 0001  file html  https://doc.rust-lang.org/std/char/struct.ToCasefold.html  +88 links
[151f981d reaper] node 60f361f4 is dead; put back: 0001 https://doc.rust-lang.org/std/i32/index.html
[151f981d reaper] node 60f361f4 is dead; put back: 0001 https://doc.rust-lang.org/std/i16/index.html
[151f981d reaper] node 60f361f4 is dead; put back: 0001 https://doc.rust-lang.org/std/i64/index.html
[151f981d reaper] node 60f361f4 is dead; put back: 0001 https://doc.rust-lang.org/std/i128/index.html
[151f981d reaper] node 60f361f4 is dead; put back: 0001 https://doc.rust-lang.org/std/primitive.i16.html
[151f981d reaper] node 60f361f4 is dead; put back: 0001 https://doc.rust-lang.org/std/hint/index.html
[151f981d reaper] node 60f361f4 is dead; put back: 0001 https://doc.rust-lang.org/std/primitive.isize.html
[151f981d reaper] node 60f361f4 is dead; put back: 0001 https://doc.rust-lang.org/std/primitive.f128.html
[151f981d reaper] node 60f361f4 is dead; put back: 0001 https://doc.rust-lang.org/std/hash/index.html
[151f981d reaper] node 60f361f4 is dead; put back: 0001 https://doc.rust-lang.org/std/i8/index.html
[151f981d reaper] forgot dead node 60f361f4 (10 URL(s) recovered)
[151f981d loop 6] job 0001  file html  https://doc.rust-lang.org/std/char/struct.ToLowercase.html  +88 links
[151f981d loop 4] job 0001  file html  https://doc.rust-lang.org/std/cmp/struct.Reverse.html  +44 links
[151f981d loop 2] job 0001  file html  https://doc.rust-lang.org/std/collections/struct.BTreeMap.html  +74 links
[151f981d loop 0] job 0001  file html  https://doc.rust-lang.org/std/collections/struct.HashSet.html  +66 links
[151f981d loop 5] job 0001  file html  https://doc.rust-lang.org/std/collections/struct.BTreeSet.html  +71 links
[151f981d loop 1] job 0001  file html  https://doc.rust-lang.org/std/collections/struct.LinkedList.html  +61 links
[151f981d loop 9] job 0001  file html  https://doc.rust-lang.org/std/collections/binary_heap/struct.BinaryHeap.html  +57 links
[151f981d loop 8] job 0001  file html  https://doc.rust-lang.org/std/collections/binary_heap/struct.DrainSorted.html  +86 links
[151f981d loop 7] job 0001  file html  https://doc.rust-lang.org/std/collections/binary_heap/struct.IntoIter.html  +87 links
[151f981d loop 3] job 0001  file html  https://doc.rust-lang.org/std/collections/btree_map/struct.CursorMutKey.html  +36 links
[151f981d loop 6] job 0001  file html  https://doc.rust-lang.org/std/collections/btree_map/struct.IntoValues.html  +84 links
[151f981d loop 4] job 0001  file html  https://doc.rust-lang.org/std/collections/btree_map/struct.Iter.html  +86 links
[151f981d loop 2] job 0001  file html  https://doc.rust-lang.org/std/collections/btree_map/struct.OccupiedError.html  +33 links
[151f981d loop 0] job 0001  file html  https://doc.rust-lang.org/std/collections/btree_map/struct.VacantEntry.html  +33 links
[151f981d loop 5] job 0001  file html  https://doc.rust-lang.org/std/collections/btree_set/struct.BTreeSet.html  +73 links
[151f981d loop 9] job 0001  file html  https://doc.rust-lang.org/std/collections/btree_set/struct.Difference.html  +87 links
[151f981d loop 1] job 0001  file html  https://doc.rust-lang.org/std/collections/btree_set/struct.CursorMut.html  +36 links
[151f981d loop 8] job 0001  file html  https://doc.rust-lang.org/std/collections/btree_set/struct.Iter.html  +86 links
[151f981d loop 7] job 0001  file html  https://doc.rust-lang.org/std/collections/btree_set/struct.Union.html  +85 links
[151f981d loop 3] job 0001  file html  https://doc.rust-lang.org/std/collections/btree_set/struct.VacantEntry.html  +32 links
[151f981d loop 4] job 0001  file html  https://doc.rust-lang.org/std/collections/hash_map/struct.IterMut.html  +78 links
[151f981d loop 6] job 0001  file html  https://doc.rust-lang.org/std/collections/hash_map/struct.HashMap.html  +68 links
[151f981d loop 2] job 0001  file html  https://doc.rust-lang.org/std/collections/hash_map/struct.Keys.html  +83 links
[151f981d loop 0] job 0001  file html  https://doc.rust-lang.org/std/collections/hash_map/struct.OccupiedEntry.html  +30 links
[151f981d loop 5] job 0001  file html  https://doc.rust-lang.org/std/collections/hash_map/struct.RandomState.html  +39 links
[151f981d loop 9] job 0001  file html  https://doc.rust-lang.org/std/collections/hash_map/struct.ValuesMut.html  +78 links
[151f981d loop 1] job 0001  file html  https://doc.rust-lang.org/std/collections/hash_set/struct.Difference.html  +87 links
[151f981d loop 8] job 0001  file html  https://doc.rust-lang.org/std/collections/hash_set/struct.ExtractIf.html  +79 links
[151f981d loop 7] job 0001  file html  https://doc.rust-lang.org/std/collections/hash_set/struct.Intersection.html  +87 links
[151f981d loop 3] job 0001  file html  https://doc.rust-lang.org/std/collections/hash_set/struct.IntoIter.html  +80 links
[151f981d loop 4] job 0001  file html  https://doc.rust-lang.org/std/collections/hash_set/struct.OccupiedEntry.html  +29 links
[151f981d loop 0] job 0001  file html  https://doc.rust-lang.org/std/collections/linked_list/struct.ExtractIf.html  +82 links
[151f981d loop 2] job 0001  file html  https://doc.rust-lang.org/std/collections/linked_list/struct.Cursor.html  +37 links
[151f981d loop 6] job 0001  file html  https://doc.rust-lang.org/std/collections/hash_set/struct.Union.html  +87 links
[151f981d loop 9] job 0001  file html  https://doc.rust-lang.org/std/collections/vec_deque/struct.Drain.html  +85 links
[151f981d loop 5] job 0001  file html  https://doc.rust-lang.org/std/collections/linked_list/struct.IntoIter.html  +87 links
[151f981d loop 1] job 0001  file html  https://doc.rust-lang.org/std/collections/vec_deque/struct.IntoIter.html  +88 links
[151f981d loop 7] job 0001  file html  https://doc.rust-lang.org/std/collections/vec_deque/struct.Splice.html  +84 links
[151f981d loop 8] job 0001  file html  https://doc.rust-lang.org/std/collections/vec_deque/struct.IterMut.html  +82 links
[151f981d loop 0] job 0001  file html  https://doc.rust-lang.org/std/env/struct.SplitPaths.html  +75 links
[151f981d loop 3] job 0001  file html  https://doc.rust-lang.org/std/env/struct.Args.html  +79 links
[151f981d loop 4] job 0001  file html  https://doc.rust-lang.org/std/env/struct.ArgsOs.html  +78 links
[151f981d loop 2] job 0001  file html  https://doc.rust-lang.org/std/env/struct.Vars.html  +76 links
[151f981d loop 5] job 0001  file html  https://doc.rust-lang.org/std/ffi/struct.FromVecWithNulError.html  +44 links
[151f981d loop 1] job 0001  file html  https://doc.rust-lang.org/std/ffi/struct.NulError.html  +46 links
[151f981d loop 6] job 0001  file html  https://doc.rust-lang.org/std/error/struct.Report.html  +32 links
[151f981d loop 9] job 0001  file html  https://doc.rust-lang.org/std/ffi/struct.CString.html  +69 links
[151f981d loop 7] job 0001  file html  https://doc.rust-lang.org/std/ffi/struct.OsStr.html  +65 links
[151f981d loop 8] job 0001  file html  https://doc.rust-lang.org/std/ffi/c_str/struct.CStr.html  +62 links
[151f981d loop 0] job 0001  file html  https://doc.rust-lang.org/std/ffi/c_str/struct.CString.html  +71 links
[151f981d loop 3] job 0001  file html  https://doc.rust-lang.org/std/ffi/c_str/struct.FromVecWithNulError.html  +46 links
[151f981d loop 4] job 0001  file html  https://doc.rust-lang.org/std/ffi/c_str/struct.IntoStringError.html  +46 links
[151f981d loop 2] job 0001  file html  https://doc.rust-lang.org/std/ffi/os_str/struct.Display.html  +32 links
[151f981d loop 5] job 0001  file html  https://doc.rust-lang.org/std/ffi/os_str/struct.OsStr.html  +67 links
[151f981d loop 6] job 0001  file html  https://doc.rust-lang.org/std/field/struct.FieldRepresentingType.html  +43 links
[151f981d loop 1] job 0001  file html  https://doc.rust-lang.org/std/ffi/os_str/struct.OsString.html  +80 links
[151f981d loop 9] job 0001  file html  https://doc.rust-lang.org/std/fmt/struct.DebugStruct.html  +28 links
[151f981d loop 7] job 0001  file html  https://doc.rust-lang.org/std/fmt/struct.Formatter.html  +44 links
[151f981d loop 8] job 0001  file html  https://doc.rust-lang.org/std/fmt/struct.NumBuffer.html  +26 links
[151f981d loop 0] job 0001  file html  https://doc.rust-lang.org/std/fs/struct.FileType.html  +45 links
[151f981d loop 3] job 0001  file html  https://doc.rust-lang.org/std/fs/struct.OpenOptions.html  +46 links
[151f981d loop 4] job 0001  file html  https://doc.rust-lang.org/std/fs/struct.ReadDir.html  +78 links
[151f981d loop 2] job 0001  file html  https://doc.rust-lang.org/std/future/struct.Pending.html  +37 links
[151f981d loop 6] job 0001  file html  https://doc.rust-lang.org/std/io/struct.BorrowedCursor.html  +39 links
[151f981d loop 5] job 0001  file html  https://doc.rust-lang.org/std/intrinsics/mir/struct.UnwindActionArg.html  +23 links
[151f981d loop 1] job 0001  file html  https://doc.rust-lang.org/std/io/struct.Error.html  +44 links
[151f981d loop 9] job 0001  file html  https://doc.rust-lang.org/std/io/struct.IoSliceMut.html  +92 links
[151f981d loop 7] job 0001  file html  https://doc.rust-lang.org/std/io/struct.PipeReader.html  +57 links
[151f981d loop 8] job 0001  file html  https://doc.rust-lang.org/std/io/struct.PipeWriter.html  +49 links
[151f981d loop 0] job 0001  file html  https://doc.rust-lang.org/std/io/struct.Repeat.html  +42 links
[151f981d loop 3] job 0001  file html  https://doc.rust-lang.org/std/io/struct.Split.html  +82 links
[151f981d loop 4] job 0001  file html  https://doc.rust-lang.org/std/io/struct.StderrLock.html  +49 links
[151f981d loop 2] job 0001  file html  https://doc.rust-lang.org/std/io/struct.Stdin.html  +60 links
[151f981d loop 5] job 0001  file html  https://doc.rust-lang.org/std/io/struct.StdoutLock.html  +49 links
[151f981d loop 6] job 0001  file html  https://doc.rust-lang.org/std/io/struct.StdinLock.html  +60 links
[151f981d loop 1] job 0001  file html  https://doc.rust-lang.org/std/io/struct.WriterPanicked.html  +35 links
[151f981d loop 9] job 0001  file html  https://doc.rust-lang.org/std/iter/struct.Empty.html  +85 links
[151f981d loop 7] job 0001  file html  https://doc.rust-lang.org/std/iter/struct.Enumerate.html  +83 links
[151f981d loop 8] job 0001  file html  https://doc.rust-lang.org/std/iter/struct.FilterMap.html  +82 links
[151f981d loop 0] job 0001  file html  https://doc.rust-lang.org/std/iter/struct.FlatMap.html  +83 links
[151f981d loop 3] job 0001  file html  https://doc.rust-lang.org/std/iter/struct.FromCoroutine.html  +84 links
[151f981d loop 4] job 0001  file html  https://doc.rust-lang.org/std/iter/struct.FromFn.html  +83 links
[151f981d loop 2] job 0001  file html  https://doc.rust-lang.org/std/iter/struct.Fuse.html  +83 links
[151f981d loop 6] job 0001  file html  https://doc.rust-lang.org/std/iter/struct.Intersperse.html  +81 links
[151f981d loop 5] job 0001  file html  https://doc.rust-lang.org/std/iter/struct.Inspect.html  +82 links
[151f981d loop 7] job 0001  file html  https://doc.rust-lang.org/std/iter/struct.OnceWith.html  +86 links
[151f981d loop 1] job 0001  file html  https://doc.rust-lang.org/std/iter/struct.MapWhile.html  +81 links
[151f981d loop 9] job 0001  file html  https://doc.rust-lang.org/std/iter/struct.MapWindows.html  +82 links
[151f981d loop 0] job 0001  file html  https://doc.rust-lang.org/std/iter/struct.RepeatWith.html  +85 links
[151f981d loop 8] job 0001  file html  https://doc.rust-lang.org/std/iter/struct.Repeat.html  +85 links
[151f981d loop 3] job 0001  file html  https://doc.rust-lang.org/std/iter/struct.Scan.html  +81 links
[151f981d loop 4] job 0001  file html  https://doc.rust-lang.org/std/iter/struct.SkipWhile.html  +82 links
[151f981d loop 2] job 0001  file html  https://doc.rust-lang.org/std/iter/struct.Successors.html  +84 links
[151f981d loop 6] job 0001  file html  https://doc.rust-lang.org/std/iter/struct.Take.html  +85 links
[151f981d loop 5] job 0001  file html  https://doc.rust-lang.org/std/iter/struct.TakeWhile.html  +82 links
[151f981d loop 7] job 0001  file html  https://doc.rust-lang.org/std/marker/struct.PhantomContravariantLifetime.html  +44 links
[151f981d loop 1] job 0001  file html  https://doc.rust-lang.org/std/marker/struct.PhantomCovariantLifetime.html  +44 links
[151f981d loop 9] job 0001  file html  https://doc.rust-lang.org/std/marker/struct.PhantomData.html  +45 links
[151f981d loop 0] job 0001  file html  https://doc.rust-lang.org/std/marker/struct.PhantomInvariantLifetime.html  +44 links
[151f981d loop 8] job 0001  file html  https://doc.rust-lang.org/std/mem/struct.Alignment.html  +50 links
[151f981d loop 3] job 0001  file html  https://doc.rust-lang.org/std/mem/struct.Discriminant.html  +39 links
[151f981d loop 4] job 0001  file html  https://doc.rust-lang.org/std/mem/struct.ManuallyDrop.html  +52 links
[151f981d loop 2] job 0001  file html  https://doc.rust-lang.org/std/mem/type_info/struct.Bool.html  +27 links
[151f981d loop 6] job 0001  file html  https://doc.rust-lang.org/std/mem/type_info/struct.DynTraitPredicate.html  +28 links
[151f981d loop 5] job 0001  file html  https://doc.rust-lang.org/std/mem/type_info/struct.GenericType.html  +27 links
[151f981d loop 7] job 0001  file html  https://doc.rust-lang.org/std/mem/type_info/struct.Pointer.html  +28 links
[151f981d loop 1] job 0001  file html  https://doc.rust-lang.org/std/mem/type_info/struct.Reference.html  +28 links
[151f981d loop 9] job 0001  file html  https://doc.rust-lang.org/std/mem/type_info/struct.Struct.html  +30 links
[151f981d loop 0] job 0001  file html  https://doc.rust-lang.org/std/mem/type_info/struct.Union.html  +29 links
[151f981d loop 8] job 0001  file html  https://doc.rust-lang.org/std/net/struct.TcpListener.html  +51 links
[151f981d loop 4] job 0001  file html  https://doc.rust-lang.org/std/num/struct.ParseIntError.html  +45 links
[151f981d loop 2] job 0001  file html  https://doc.rust-lang.org/std/num/struct.TryFromIntError.html  +45 links
[151f981d loop 7] job 0001  file html  https://doc.rust-lang.org/std/ops/struct.RangeFrom.html  +103 links
[151f981d loop 1] job 0001  file html  https://doc.rust-lang.org/std/ops/struct.RangeInclusive.html  +103 links
[151f981d loop 9] job 0001  file html  https://doc.rust-lang.org/std/ops/struct.RangeTo.html  +56 links
[151f981d loop 0] job 0001  file html  https://doc.rust-lang.org/std/ops/struct.RangeToInclusive.html  +57 links
[151f981d loop 7] job 0001  file html  https://doc.rust-lang.org/std/slice/struct.ArrayWindows.html  +84 links
[151f981d loop 2] job 0001  file html  https://doc.rust-lang.org/std/range/legacy/struct.RangeToInclusive.html  +59 links
[151f981d loop 1] job 0001  file html  https://doc.rust-lang.org/std/str/struct.Bytes.html  +85 links
[151f981d loop 5] job 0001  file html  https://doc.rust-lang.org/std/ops/struct.Range.html  +107 links
[151f981d loop 8] job 0001  file html  https://doc.rust-lang.org/std/option/struct.IterMut.html  +80 links
[151f981d loop 4] job 0001  file html  https://doc.rust-lang.org/std/os/unix/net/struct.UnixListener.html  +46 links
[151f981d loop 9] job 0001  file html  https://doc.rust-lang.org/std/str/struct.EncodeUtf16.html  +85 links
[151f981d loop 0] job 0001  file html  https://doc.rust-lang.org/std/str/struct.MatchIndices.html  +86 links
[151f981d loop 1] job 0001  file html  https://doc.rust-lang.org/std/borrow/trait.BorrowMut.html  +19 links
[151f981d loop 7] job 0001  file html  https://doc.rust-lang.org/std/sync/struct.OnceLock.html  +43 links
[151f981d loop 2] job 0001  file html  https://doc.rust-lang.org/std/sync/struct.OnceState.html  +27 links
[151f981d loop 5] job 0001  file html  https://doc.rust-lang.org/std/convert/trait.TryFrom.html  +54 links
[151f981d loop 8] job 0001  file html  https://doc.rust-lang.org/std/fmt/trait.UpperHex.html  +26 links
[151f981d loop 4] job 0001  file html  https://doc.rust-lang.org/std/marker/trait.PointeeSized.html  +3 links
[151f981d loop 0] job 0001  file html  https://doc.rust-lang.org/std/num/trait.ZeroablePrimitive.html  +19 links
[151f981d loop 9] job 0001  file html  https://doc.rust-lang.org/std/net/trait.ToSocketAddrs.html  +23 links
[151f981d loop 5] job 0001  file html  https://doc.rust-lang.org/std/ops/trait.FnMut.html  +12 links
[151f981d loop 1] job 0001  file html  https://doc.rust-lang.org/std/ops/trait.BitOrAssign.html  +27 links
[151f981d loop 7] job 0001  file html  https://doc.rust-lang.org/std/ops/trait.BitXor.html  +31 links
[151f981d loop 2] job 0001  file html  https://doc.rust-lang.org/std/ops/trait.BitXorAssign.html  +23 links
[151f981d loop 8] job 0001  file html  https://doc.rust-lang.org/std/ops/trait.FnOnce.html  +13 links
[151f981d loop 0] job 0001  file html  https://doc.rust-lang.org/std/os/fd/trait.FromRawFd.html  +20 links
[151f981d loop 3] job 0001  file html  https://doc.rust-lang.org/std/num/struct.NonZero.html  +81 links
[151f981d loop 5] job 0001  file html  https://doc.rust-lang.org/std/os/windows/process/trait.ChildExt.html  +7 links
[151f981d loop 4] job 0001  file html  https://doc.rust-lang.org/std/os/fd/trait.AsRawFd.html  +33 links
[151f981d loop 9] job 0001  file html  https://doc.rust-lang.org/std/os/fd/trait.IntoRawFd.html  +21 links
[151f981d loop 6] job 0001  file html  https://doc.rust-lang.org/std/num/struct.Wrapping.html  +86 links
[151f981d loop 1] job 0001  file html  https://doc.rust-lang.org/std/simd/ptr/trait.SimdMutPtr.html  +11 links
[151f981d loop 7] job 0001  file html  https://doc.rust-lang.org/std/alloc/fn.dealloc.html  +12 links
[151f981d loop 2] job 0001  file html  https://doc.rust-lang.org/std/intrinsics/mir/fn.CastTransmute.html  +4 links
[151f981d loop 8] job 0001  file html  https://doc.rust-lang.org/std/intrinsics/mir/fn.CastUnsize.html  +4 links
[151f981d loop 0] job 0001  file html  https://doc.rust-lang.org/std/intrinsics/fn.return_address.html  +5 links
[151f981d loop 4] job 0001  file html  https://doc.rust-lang.org/std/intrinsics/fn.sinf64.html  +4 links
[151f981d loop 9] job 0001  file html  https://doc.rust-lang.org/std/intrinsics/fn.size_of.html  +5 links
[151f981d loop 3] job 0001  file html  https://doc.rust-lang.org/std/intrinsics/fn.sinf16.html  +4 links
[151f981d loop 5] job 0001  file html  https://doc.rust-lang.org/std/intrinsics/fn.sinf32.html  +4 links
[151f981d loop 7] job 0001  file html  https://doc.rust-lang.org/std/intrinsics/fn.unchecked_mul.html  +6 links
[151f981d loop 2] job 0001  file html  https://doc.rust-lang.org/std/intrinsics/fn.unchecked_rem.html  +5 links
[151f981d loop 6] job 0001  file html  https://doc.rust-lang.org/std/intrinsics/fn.unchecked_funnel_shl.html  +5 links
[151f981d loop 1] job 0001  file html  https://doc.rust-lang.org/std/intrinsics/fn.unchecked_funnel_shr.html  +5 links
[151f981d loop 0] job 0001  file html  https://doc.rust-lang.org/std/intrinsics/fn.unchecked_shr.html  +5 links
[151f981d loop 8] job 0001  file html  https://doc.rust-lang.org/std/intrinsics/fn.unchecked_shl.html  +5 links
[151f981d loop 3] job 0001  file html  https://doc.rust-lang.org/std/intrinsics/fn.volatile_store.html  +5 links
[151f981d loop 5] job 0001  file html  https://doc.rust-lang.org/std/intrinsics/fn.vtable_align.html  +6 links
[151f981d loop 4] job 0001  file html  https://doc.rust-lang.org/std/intrinsics/fn.volatile_load.html  +5 links
[151f981d loop 9] job 0001  file html  https://doc.rust-lang.org/std/intrinsics/fn.volatile_set_memory.html  +7 links
[151f981d loop 2] job 0001  file html  https://doc.rust-lang.org/std/intrinsics/fn.wrapping_mul.html  +5 links
[151f981d loop 6] job 0001  file html  https://doc.rust-lang.org/std/intrinsics/fn.wrapping_sub.html  +5 links
[151f981d loop 7] job 0001  file html  https://doc.rust-lang.org/std/intrinsics/fn.wrapping_add.html  +5 links
[151f981d loop 0] job 0001  file html  https://doc.rust-lang.org/std/io/fn.copy.html  +12 links
[151f981d loop 8] job 0001  file html  https://doc.rust-lang.org/std/io/fn.pipe.html  +6 links
[151f981d loop 5] job 0001  file html  https://doc.rust-lang.org/std/io/fn.sink.html  +6 links
[151f981d loop 1] job 0001  file html  https://doc.rust-lang.org/std/intrinsics/fn.write_via_move.html  +5 links
[151f981d loop 9] job 0001  file html  https://doc.rust-lang.org/std/io/fn.stdout.html  +5 links
[151f981d loop 3] job 0001  file html  https://doc.rust-lang.org/std/io/fn.repeat.html  +5 links
[151f981d loop 4] job 0001  file html  https://doc.rust-lang.org/std/io/fn.stdin.html  +4 links
[151f981d loop 2] job 0001  file html  https://doc.rust-lang.org/std/iter/fn.repeat.html  +9 links
[151f981d loop 6] job 0001  file html  https://doc.rust-lang.org/std/iter/fn.repeat_n.html  +8 links
[151f981d loop 7] job 0001  file html  https://doc.rust-lang.org/std/iter/fn.repeat_with.html  +9 links
[151f981d loop 8] job 0001  file html  https://doc.rust-lang.org/std/marker/fn.variance.html  +11 links
[151f981d loop 0] job 0001  file html  https://doc.rust-lang.org/std/iter/fn.zip.html  +6 links
[151f981d loop 5] job 0001  file html  https://doc.rust-lang.org/std/mem/fn.align_of_val.html  +7 links
[151f981d loop 3] job 0001  file html  https://doc.rust-lang.org/std/mem/fn.forget.html  +8 links
[151f981d loop 9] job 0001  file html  https://doc.rust-lang.org/std/mem/fn.drop.html  +6 links
[151f981d loop 1] job 0001  file html  https://doc.rust-lang.org/std/mem/fn.align_of_val_raw.html  +9 links
[151f981d loop 4] job 0001  file html  https://doc.rust-lang.org/std/mem/fn.min_align_of.html  +4 links
[151f981d loop 2] job 0001  file html  https://doc.rust-lang.org/std/mem/fn.needs_drop.html  +7 links
[151f981d loop 6] job 0001  file html  https://doc.rust-lang.org/std/mem/fn.size_of.html  +8 links
[151f981d loop 7] job 0001  file html  https://doc.rust-lang.org/std/mem/fn.size_of_val_raw.html  +9 links
[151f981d loop 8] job 0001  file html  https://doc.rust-lang.org/std/mem/fn.take.html  +8 links
[151f981d loop 0] job 0001  file html  https://doc.rust-lang.org/std/mem/fn.transmute.html  +6 links
[151f981d loop 5] job 0001  file html  https://doc.rust-lang.org/std/mem/fn.transmute_neo.html  +3 links
[151f981d loop 3] job 0001  file html  https://doc.rust-lang.org/std/mem/fn.transmute_prefix.html  +4 links
[151f981d loop 9] job 0001  file html  https://doc.rust-lang.org/std/net/fn.hostname.html  +6 links
[151f981d loop 1] job 0001  file html  https://doc.rust-lang.org/std/os/unix/fs/fn.chown.html  +12 links
[151f981d loop 4] job 0001  file html  https://doc.rust-lang.org/std/os/unix/fs/fn.chroot.html  +10 links
[151f981d loop 2] job 0001  file html  https://doc.rust-lang.org/std/os/unix/fs/fn.mkfifo.html  +10 links
[151f981d loop 8] job 0001  file html  https://doc.rust-lang.org/std/os/unix/xdg/fn.data_home_dir.html  +6 links
[151f981d loop 7] job 0001  file html  https://doc.rust-lang.org/std/os/unix/xdg/fn.data_dirs.html  +7 links
[151f981d loop 6] job 0001  file html  https://doc.rust-lang.org/std/os/unix/process/fn.parent_id.html  +6 links
[151f981d loop 0] job 0001  file html  https://doc.rust-lang.org/std/panic/fn.panic_any.html  +8 links
[151f981d loop 5] job 0001  file html  https://doc.rust-lang.org/std/panic/fn.resume_unwind.html  +8 links
[151f981d loop 3] job 0001  file html  https://doc.rust-lang.org/std/panic/fn.set_backtrace_style.html  +5 links
[151f981d loop 9] job 0001  file html  https://doc.rust-lang.org/std/panic/fn.set_hook.html  +9 links
[151f981d loop 1] job 0001  file html  https://doc.rust-lang.org/std/panic/fn.take_hook.html  +9 links
[151f981d loop 4] job 0001  file html  https://doc.rust-lang.org/std/panic/fn.update_hook.html  +9 links
[151f981d loop 2] job 0001  file html  https://doc.rust-lang.org/std/path/fn.absolute.html  +10 links
[151f981d loop 8] job 0001  file html  https://doc.rust-lang.org/std/process/fn.abort_immediate.html  +5 links
[151f981d loop 7] job 0001  file html  https://doc.rust-lang.org/std/process/fn.id.html  +4 links
[151f981d loop 6] job 0001  file html  https://doc.rust-lang.org/std/ptr/fn.copy.html  +8 links
[151f981d loop 3] job 0001  file html  https://doc.rust-lang.org/std/ptr/fn.fn_addr_eq.html  +5 links
[151f981d loop 1] job 0001  file html  https://doc.rust-lang.org/std/ptr/fn.from_ref.html  +7 links
[151f981d loop 5] job 0001  file html  https://doc.rust-lang.org/std/ptr/fn.eq.html  +6 links
[151f981d loop 0] job 0001  file html  https://doc.rust-lang.org/std/ptr/fn.copy_nonoverlapping.html  +9 links
[151f981d loop 4] job 0001  file html  https://doc.rust-lang.org/std/ptr/fn.null.html  +6 links
[151f981d loop 9] job 0001  file html  https://doc.rust-lang.org/std/ptr/fn.from_raw_parts_mut.html  +8 links
[151f981d loop 2] job 0001  file html  https://doc.rust-lang.org/std/ptr/fn.read_unaligned.html  +6 links
[151f981d loop 8] job 0001  file html  https://doc.rust-lang.org/std/ptr/fn.read_volatile.html  +9 links
[151f981d loop 7] job 0001  file html  https://doc.rust-lang.org/std/ptr/fn.replace.html  +5 links
[151f981d loop 6] job 0001  file html  https://doc.rust-lang.org/std/ptr/fn.slice_from_raw_parts.html  +7 links
[151f981d loop 0] job 0001  file html  https://doc.rust-lang.org/std/ptr/fn.write_unaligned.html  +6 links
[151f981d loop 5] job 0001  file html  https://doc.rust-lang.org/std/ptr/fn.write.html  +7 links
[151f981d loop 3] job 0001  file html  https://doc.rust-lang.org/std/ptr/fn.without_provenance.html  +6 links
[151f981d loop 9] job 0001  file html  https://doc.rust-lang.org/std/simd/ptr/fn.with_exposed_provenance_mut.html  +8 links
[151f981d loop 4] job 0001  file html  https://doc.rust-lang.org/std/random/fn.random.html  +5 links
[151f981d loop 1] job 0001  file html  https://doc.rust-lang.org/std/ptr/fn.without_provenance_mut.html  +6 links
[151f981d loop 2] job 0001  file html  https://doc.rust-lang.org/std/simd/ptr/fn.without_provenance.html  +8 links
[151f981d loop 8] job 0001  file html  https://doc.rust-lang.org/std/slice/fn.from_mut_ptr_range.html  +8 links
[151f981d loop 7] job 0001  file html  https://doc.rust-lang.org/std/slice/fn.from_ptr_range.html  +7 links
[151f981d loop 6] job 0001  file html  https://doc.rust-lang.org/std/slice/fn.from_raw_parts_mut.html  +9 links
[151f981d loop 0] job 0001  file html  https://doc.rust-lang.org/std/slice/fn.from_ref.html  +5 links
[151f981d loop 3] job 0001  file html  https://doc.rust-lang.org/std/str/fn.from_utf8.html  +10 links
[151f981d loop 9] job 0001  file html  https://doc.rust-lang.org/std/str/fn.from_utf8_mut.html  +7 links
[151f981d loop 4] job 0001  file html  https://doc.rust-lang.org/std/str/fn.from_utf8_unchecked.html  +6 links
[151f981d loop 1] job 0001  file html  https://doc.rust-lang.org/std/str/fn.from_utf8_unchecked_mut.html  +6 links
[151f981d loop 5] job 0001  file html  https://doc.rust-lang.org/std/slice/fn.range.html  +9 links
[151f981d loop 8] job 0001  file html  https://doc.rust-lang.org/std/sync/atomic/fn.fence.html  +5 links
[151f981d loop 2] job 0001  file html  https://doc.rust-lang.org/std/sync/atomic/fn.compiler_fence.html  +6 links
[151f981d loop 6] job 0001  file html  https://doc.rust-lang.org/std/task/fn.local_waker_fn.html  +7 links
[151f981d loop 7] job 0001  file html  https://doc.rust-lang.org/std/sync/oneshot/fn.channel.html  +6 links
[151f981d loop 0] job 0001  file html  https://doc.rust-lang.org/std/task/fn.waker_fn.html  +7 links
[151f981d loop 5] job 0001  file html  https://doc.rust-lang.org/std/thread/fn.spawn.html  +12 links
[151f981d loop 4] job 0001  file html  https://doc.rust-lang.org/std/thread/fn.sleep.html  +5 links
[151f981d loop 9] job 0001  file html  https://doc.rust-lang.org/std/thread/fn.scope.html  +6 links
[151f981d loop 3] job 0001  file html  https://doc.rust-lang.org/std/thread/fn.park_timeout_ms.html  +6 links
[151f981d loop 1] job 0001  file html  https://doc.rust-lang.org/std/thread/fn.sleep_ms.html  +5 links
[151f981d loop 8] job 0001  file html  https://doc.rust-lang.org/std/alloc/type.LayoutErr.html  +4 links
[151f981d loop 2] job 0001  file html  https://doc.rust-lang.org/std/ffi/type.c_char.html  +6 links
[151f981d loop 7] job 0001  file html  https://doc.rust-lang.org/std/ffi/type.c_int.html  +6 links
[151f981d loop 6] job 0001  file html  https://doc.rust-lang.org/std/ffi/type.c_float.html  +4 links
[151f981d loop 0] job 0001  file html  https://doc.rust-lang.org/std/ffi/type.c_long.html  +6 links
[151f981d loop 5] job 0001  file html  https://doc.rust-lang.org/std/ffi/type.c_uint.html  +6 links
[151f981d loop 4] job 0001  file html  https://doc.rust-lang.org/std/ffi/type.c_ulong.html  +6 links
[151f981d loop 2] job 0001  file html  https://doc.rust-lang.org/std/io/type.RawOsError.html  +7 links
[151f981d loop 1] job 0001  file html  https://doc.rust-lang.org/std/ffi/type.c_uchar.html  +5 links
[151f981d loop 3] job 0001  file html  https://doc.rust-lang.org/std/fmt/type.Result.html  +6 links
[151f981d loop 8] job 0001  file html  https://doc.rust-lang.org/std/ffi/type.c_ulonglong.html  +6 links
[151f981d loop 9] job 0001  file html  https://doc.rust-lang.org/std/ffi/type.c_ushort.html  +5 links
[151f981d loop 6] job 0001  file html  https://doc.rust-lang.org/std/num/type.NonZeroI16.html  +7 links
[151f981d loop 7] job 0001  file html  https://doc.rust-lang.org/std/num/type.NonZeroI128.html  +7 links
[151f981d loop 0] job 0001  file html  https://doc.rust-lang.org/std/num/type.NonZeroI8.html  +7 links
[151f981d loop 5] job 0001  file html  https://doc.rust-lang.org/std/num/type.NonZeroU16.html  +7 links
[151f981d loop 2] job 0001  file html  https://doc.rust-lang.org/std/num/type.NonZeroU64.html  +7 links
[151f981d loop 4] job 0001  file html  https://doc.rust-lang.org/std/num/type.NonZeroU32.html  +7 links
[151f981d loop 3] job 0001  file html  https://doc.rust-lang.org/std/os/fd/type.RawFd.html  +8 links
[151f981d loop 8] job 0001  file html  https://doc.rust-lang.org/std/os/linux/raw/type.blkcnt_t.html  +6 links
[151f981d loop 1] job 0001  file html  https://doc.rust-lang.org/std/num/type.NonZeroU8.html  +7 links
[151f981d loop 9] job 0001  file html  https://doc.rust-lang.org/std/os/linux/raw/type.blksize_t.html  +6 links
[151f981d loop 6] job 0001  file html  https://doc.rust-lang.org/std/os/linux/raw/type.time_t.html  +6 links
[151f981d loop 7] job 0001  file html  https://doc.rust-lang.org/std/os/raw/type.c_char.html  +8 links
[151f981d loop 5] job 0001  file html  https://doc.rust-lang.org/std/os/raw/type.c_schar.html  +7 links
[151f981d loop 0] job 0001  file html  https://doc.rust-lang.org/std/os/raw/type.c_double.html  +8 links
[151f981d loop 2] job 0001  file html  https://doc.rust-lang.org/std/os/raw/type.c_uint.html  +8 links
[151f981d loop 4] job 0001  file html  https://doc.rust-lang.org/std/os/raw/type.c_void.html  +6 links
[151f981d loop 3] job 0001  file html  https://doc.rust-lang.org/std/os/unix/raw/type.blkcnt_t.html  +6 links
[151f981d loop 1] job 0001  file html  https://doc.rust-lang.org/std/os/unix/raw/type.ino_t.html  +6 links
[151f981d loop 9] job 0001  file html  https://doc.rust-lang.org/std/os/unix/raw/type.dev_t.html  +6 links
[151f981d loop 6] job 0001  file html  https://doc.rust-lang.org/std/os/unix/raw/type.pid_t.html  +6 links
[151f981d loop 8] job 0001  file html  https://doc.rust-lang.org/std/os/unix/raw/type.gid_t.html  +6 links
[151f981d loop 7] job 0001  file html  https://doc.rust-lang.org/std/os/unix/raw/type.pthread_t.html  +6 links
[151f981d loop 5] job 0001  file html  https://doc.rust-lang.org/std/os/unix/raw/type.time_t.html  +6 links
[151f981d loop 0] job 0001  file html  https://doc.rust-lang.org/std/os/windows/io/type.RawHandle.html  +6 links
[151f981d loop 2] job 0001  file html  https://doc.rust-lang.org/std/os/windows/io/type.RawSocket.html  +6 links
[151f981d loop 3] job 0001  file html  https://doc.rust-lang.org/std/simd/type.f16x1.html  +5 links
[151f981d loop 4] job 0001  file html  https://doc.rust-lang.org/std/os/windows/raw/type.SOCKET.html  +6 links
[151f981d loop 1] job 0001  file html  https://doc.rust-lang.org/std/simd/type.f16x16.html  +5 links
[151f981d loop 9] job 0001  file html  https://doc.rust-lang.org/std/simd/type.f16x2.html  +5 links
[151f981d loop 6] job 0001  file html  https://doc.rust-lang.org/std/simd/type.f16x32.html  +5 links
[151f981d loop 8] job 0001  file html  https://doc.rust-lang.org/std/simd/type.f32x16.html  +5 links
[151f981d loop 7] job 0001  file html  https://doc.rust-lang.org/std/simd/type.f32x32.html  +5 links
[151f981d loop 5] job 0001  file html  https://doc.rust-lang.org/std/simd/type.f32x4.html  +5 links
[151f981d loop 0] job 0001  file html  https://doc.rust-lang.org/std/simd/type.f32x64.html  +5 links
[151f981d loop 3] job 0001  file html  https://doc.rust-lang.org/std/simd/type.f64x2.html  +5 links
[151f981d loop 4] job 0001  file html  https://doc.rust-lang.org/std/simd/type.f64x4.html  +5 links
[151f981d loop 1] job 0001  file html  https://doc.rust-lang.org/std/simd/type.f64x64.html  +5 links
[151f981d loop 2] job 0001  file html  https://doc.rust-lang.org/std/simd/type.f32x8.html  +5 links
[151f981d loop 9] job 0001  file html  https://doc.rust-lang.org/std/simd/type.f64x8.html  +5 links
[151f981d loop 6] job 0001  file html  https://doc.rust-lang.org/std/simd/type.i16x32.html  +5 links
[151f981d loop 8] job 0001  file html  https://doc.rust-lang.org/std/simd/type.i16x4.html  +5 links
[151f981d loop 7] job 0001  file html  https://doc.rust-lang.org/std/simd/type.i16x8.html  +5 links
[151f981d loop 5] job 0001  file html  https://doc.rust-lang.org/std/simd/type.i32x32.html  +5 links
[151f981d loop 4] job 0001  file html  https://doc.rust-lang.org/std/simd/type.i64x16.html  +5 links
[151f981d loop 0] job 0001  file html  https://doc.rust-lang.org/std/simd/type.i32x4.html  +5 links
[151f981d loop 3] job 0001  file html  https://doc.rust-lang.org/std/simd/type.i64x1.html  +5 links
[151f981d loop 1] job 0001  file html  https://doc.rust-lang.org/std/simd/type.i64x2.html  +5 links
[151f981d loop 6] job 0001  file html  https://doc.rust-lang.org/std/simd/type.i8x16.html  +5 links
[151f981d loop 2] job 0001  file html  https://doc.rust-lang.org/std/simd/type.i64x32.html  +5 links
[151f981d loop 8] job 0001  file html  https://doc.rust-lang.org/std/simd/type.i8x2.html  +5 links
[151f981d loop 7] job 0001  file html  https://doc.rust-lang.org/std/simd/type.i8x4.html  +5 links
[151f981d loop 9] job 0001  file html  https://doc.rust-lang.org/std/simd/type.i8x1.html  +5 links
[151f981d loop 5] job 0001  file html  https://doc.rust-lang.org/std/simd/type.i8x64.html  +5 links
[151f981d loop 4] job 0001  file html  https://doc.rust-lang.org/std/simd/type.isizex32.html  +5 links
[151f981d loop 0] job 0001  file html  https://doc.rust-lang.org/std/simd/type.isizex4.html  +5 links
[151f981d loop 3] job 0001  file html  https://doc.rust-lang.org/std/simd/type.isizex64.html  +5 links
[151f981d loop 6] job 0001  file html  https://doc.rust-lang.org/std/simd/type.mask16x8.html  +5 links
[151f981d loop 1] job 0001  file html  https://doc.rust-lang.org/std/simd/type.mask16x16.html  +5 links
[151f981d loop 7] job 0001  file html  https://doc.rust-lang.org/std/simd/type.mask32x2.html  +5 links
[151f981d loop 2] job 0001  file html  https://doc.rust-lang.org/std/simd/type.mask32x1.html  +5 links
[151f981d loop 5] job 0001  file html  https://doc.rust-lang.org/std/simd/type.mask32x4.html  +5 links
[151f981d loop 9] job 0001  file html  https://doc.rust-lang.org/std/simd/type.mask32x32.html  +5 links
[151f981d loop 8] job 0001  file html  https://doc.rust-lang.org/std/simd/type.mask32x16.html  +5 links
[151f981d loop 4] job 0001  file html  https://doc.rust-lang.org/std/simd/type.mask64x2.html  +5 links
[151f981d loop 0] job 0001  file html  https://doc.rust-lang.org/std/simd/type.mask64x4.html  +5 links
[151f981d loop 7] job 0001  file html  https://doc.rust-lang.org/std/simd/type.mask8x32.html  +5 links
[151f981d loop 3] job 0001  file html  https://doc.rust-lang.org/std/simd/type.mask64x64.html  +5 links
[151f981d loop 6] job 0001  file html  https://doc.rust-lang.org/std/simd/type.mask8x1.html  +5 links
[151f981d loop 1] job 0001  file html  https://doc.rust-lang.org/std/simd/type.mask8x16.html  +5 links
[151f981d loop 2] job 0001  file html  https://doc.rust-lang.org/std/simd/type.mask8x64.html  +5 links
[151f981d loop 9] job 0001  file html  https://doc.rust-lang.org/std/simd/type.masksizex1.html  +5 links
[151f981d loop 5] job 0001  file html  https://doc.rust-lang.org/std/simd/type.mask8x8.html  +5 links
[151f981d loop 8] job 0001  file html  https://doc.rust-lang.org/std/simd/type.masksizex4.html  +5 links
[151f981d loop 4] job 0001  file html  https://doc.rust-lang.org/std/simd/type.u16x16.html  +5 links
[151f981d loop 7] job 0001  file html  https://doc.rust-lang.org/std/simd/type.u16x32.html  +5 links
[151f981d loop 3] job 0001  file html  https://doc.rust-lang.org/std/simd/type.u32x16.html  +5 links
[151f981d loop 0] job 0001  file html  https://doc.rust-lang.org/std/simd/type.u16x2.html  +5 links
[151f981d loop 6] job 0001  file html  https://doc.rust-lang.org/std/simd/type.u32x2.html  +5 links
[151f981d loop 1] job 0001  file html  https://doc.rust-lang.org/std/simd/type.u32x32.html  +5 links
[151f981d loop 2] job 0001  file html  https://doc.rust-lang.org/std/simd/type.u32x4.html  +5 links
[151f981d loop 9] job 0001  file html  https://doc.rust-lang.org/std/simd/type.u32x8.html  +5 links
[151f981d loop 5] job 0001  file html  https://doc.rust-lang.org/std/simd/type.u64x16.html  +5 links
[151f981d loop 8] job 0001  file html  https://doc.rust-lang.org/std/simd/type.u64x2.html  +5 links
[151f981d loop 4] job 0001  file html  https://doc.rust-lang.org/std/simd/type.u64x8.html  +5 links
[151f981d loop 7] job 0001  file html  https://doc.rust-lang.org/std/simd/type.u8x1.html  +5 links
[151f981d loop 3] job 0001  file html  https://doc.rust-lang.org/std/simd/type.u8x16.html  +5 links
[151f981d loop 0] job 0001  file html  https://doc.rust-lang.org/std/simd/type.u8x2.html  +5 links
[151f981d loop 6] job 0001  file html  https://doc.rust-lang.org/std/simd/type.u8x32.html  +5 links
[151f981d loop 9] job 0001  file html  https://doc.rust-lang.org/std/simd/type.u8x8.html  +5 links
[151f981d loop 5] job 0001  file html  https://doc.rust-lang.org/std/simd/type.usizex1.html  +5 links
[151f981d loop 8] job 0001  file html  https://doc.rust-lang.org/std/simd/type.usizex4.html  +5 links
[151f981d loop 1] job 0001  file html  https://doc.rust-lang.org/std/simd/type.u8x4.html  +5 links
[151f981d loop 2] job 0001  file html  https://doc.rust-lang.org/std/simd/type.u8x64.html  +5 links
[151f981d loop 4] job 0001  file html  https://doc.rust-lang.org/std/sync/atomic/type.AtomicBool.html  +6 links
[151f981d loop 7] job 0001  file html  https://doc.rust-lang.org/std/sync/atomic/type.AtomicI64.html  +6 links
[151f981d loop 3] job 0001  file html  https://doc.rust-lang.org/std/sync/atomic/type.AtomicI8.html  +6 links
[151f981d loop 0] job 0001  file html  https://doc.rust-lang.org/std/sync/atomic/type.AtomicPtr.html  +6 links
[151f981d loop 6] job 0001  file html  https://doc.rust-lang.org/std/sync/atomic/type.AtomicU16.html  +6 links
[151f981d loop 9] job 0001  file html  https://doc.rust-lang.org/std/sync/atomic/type.AtomicU32.html  +6 links
[151f981d loop 5] job 0001  file html  https://doc.rust-lang.org/std/sync/atomic/type.AtomicU8.html  +6 links
[151f981d loop 8] job 0001  file html  https://doc.rust-lang.org/std/sync/nonpoison/type.TryLockResult.html  +6 links
[151f981d loop 1] job 0001  file html  https://doc.rust-lang.org/std/sync/poison/type.TryLockResult.html  +7 links
[151f981d loop 2] job 0001  file html  https://doc.rust-lang.org/std/ptr/traitalias.Thin.html  +5 links
[151f981d loop 4] job 0001  file html  https://doc.rust-lang.org/std/env/consts/constant.DLL_PREFIX.html  +5 links
[151f981d loop 3] job 0001  file html  https://doc.rust-lang.org/std/env/consts/constant.EXE_EXTENSION.html  +5 links
[151f981d loop 7] job 0001  file html  https://doc.rust-lang.org/std/env/consts/constant.DLL_SUFFIX.html  +6 links
[151f981d loop 0] job 0001  file html  https://doc.rust-lang.org/std/env/consts/constant.EXE_SUFFIX.html  +6 links
[151f981d loop 5] job 0001  file html  https://doc.rust-lang.org/std/f128/consts/constant.EULER_GAMMA.html  +5 links
[151f981d loop 6] job 0001  file html  https://doc.rust-lang.org/std/env/consts/constant.FAMILY.html  +5 links
[151f981d loop 9] job 0001  file html  https://doc.rust-lang.org/std/env/consts/constant.OS.html  +5 links
[151f981d loop 8] job 0001  file html  https://doc.rust-lang.org/std/f128/consts/constant.FRAC_1_SQRT_2.html  +5 links
[151f981d loop 2] job 0001  file html  https://doc.rust-lang.org/std/f128/consts/constant.FRAC_1_SQRT_5.html  +5 links
[151f981d loop 1] job 0001  file html  https://doc.rust-lang.org/std/f128/consts/constant.FRAC_1_SQRT_3.html  +5 links
[151f981d loop 4] job 0001  file html  https://doc.rust-lang.org/std/f128/consts/constant.FRAC_PI_2.html  +5 links
[151f981d loop 3] job 0001  file html  https://doc.rust-lang.org/std/f128/consts/constant.FRAC_PI_6.html  +5 links
[151f981d loop 0] job 0001  file html  https://doc.rust-lang.org/std/f128/consts/constant.LN_10.html  +5 links
[151f981d loop 7] job 0001  file html  https://doc.rust-lang.org/std/f128/consts/constant.GOLDEN_RATIO.html  +5 links
[151f981d loop 6] job 0001  file html  https://doc.rust-lang.org/std/f128/consts/constant.LOG2_E.html  +5 links
[151f981d loop 5] job 0001  file html  https://doc.rust-lang.org/std/f128/consts/constant.LOG2_10.html  +5 links
[151f981d loop 9] job 0001  file html  https://doc.rust-lang.org/std/f128/consts/constant.PI.html  +5 links
[151f981d loop 8] job 0001  file html  https://doc.rust-lang.org/std/f128/consts/constant.SQRT_2.html  +5 links
[151f981d loop 2] job 0001  file html  https://doc.rust-lang.org/std/f128/consts/constant.SQRT_3.html  +5 links
[151f981d loop 1] job 0001  file html  https://doc.rust-lang.org/std/f128/consts/constant.SQRT_5.html  +5 links
[151f981d loop 4] job 0001  file html  https://doc.rust-lang.org/std/f128/consts/constant.TAU.html  +5 links
[151f981d loop 3] job 0001  file html  https://doc.rust-lang.org/std/f16/consts/constant.E.html  +5 links
[151f981d loop 0] job 0001  file html  https://doc.rust-lang.org/std/f16/consts/constant.FRAC_1_PI.html  +5 links
[151f981d loop 7] job 0001  file html  https://doc.rust-lang.org/std/f16/consts/constant.FRAC_1_SQRT_2PI.html  +5 links
[151f981d loop 5] job 0001  file html  https://doc.rust-lang.org/std/f16/consts/constant.FRAC_2_SQRT_PI.html  +5 links
[151f981d loop 8] job 0001  file html  https://doc.rust-lang.org/std/f16/consts/constant.FRAC_PI_6.html  +5 links
[151f981d loop 6] job 0001  file html  https://doc.rust-lang.org/std/f16/consts/constant.FRAC_2_PI.html  +5 links
[151f981d loop 9] job 0001  file html  https://doc.rust-lang.org/std/f16/consts/constant.FRAC_PI_2.html  +5 links
[151f981d loop 2] job 0001  file html  https://doc.rust-lang.org/std/f16/consts/constant.FRAC_PI_8.html  +5 links
[151f981d loop 1] job 0001  file html  https://doc.rust-lang.org/std/f16/consts/constant.GOLDEN_RATIO.html  +5 links
[151f981d loop 4] job 0001  file html  https://doc.rust-lang.org/std/f16/consts/constant.LN_10.html  +5 links
[151f981d loop 7] job 0001  file html  https://doc.rust-lang.org/std/f16/consts/constant.TAU.html  +5 links
[151f981d loop 8] job 0001  file html  https://doc.rust-lang.org/std/f32/constant.DIGITS.html  +5 links
[151f981d loop 5] job 0001  file html  https://doc.rust-lang.org/std/f32/constant.MANTISSA_DIGITS.html  +5 links
[151f981d loop 2] job 0001  file html  https://doc.rust-lang.org/std/f32/constant.MAX_EXP.html  +5 links
[151f981d loop 0] job 0001  file html  https://doc.rust-lang.org/std/f16/consts/constant.SQRT_5.html  +5 links
[151f981d loop 3] job 0001  file html  https://doc.rust-lang.org/std/f32/constant.INFINITY.html  +4 links
[151f981d loop 6] job 0001  file html  https://doc.rust-lang.org/std/f32/constant.EPSILON.html  +4 links
[151f981d loop 1] job 0001  file html  https://doc.rust-lang.org/std/f32/constant.MIN_10_EXP.html  +5 links
[151f981d loop 9] job 0001  file html  https://doc.rust-lang.org/std/f32/constant.MIN.html  +4 links
[151f981d loop 4] job 0001  file html  https://doc.rust-lang.org/std/f32/constant.MIN_EXP.html  +5 links
[151f981d loop 7] job 0001  file html  https://doc.rust-lang.org/std/f32/consts/constant.E.html  +5 links
[151f981d loop 5] job 0001  file html  https://doc.rust-lang.org/std/f32/consts/constant.FRAC_1_SQRT_2PI.html  +5 links
[151f981d loop 8] job 0001  file html  https://doc.rust-lang.org/std/f32/consts/constant.FRAC_1_PI.html  +5 links
[151f981d loop 2] job 0001  file html  https://doc.rust-lang.org/std/f32/consts/constant.FRAC_1_SQRT_PI.html  +5 links
[151f981d loop 3] job 0001  file html  https://doc.rust-lang.org/std/f32/consts/constant.FRAC_2_SQRT_PI.html  +5 links
[151f981d loop 0] job 0001  file html  https://doc.rust-lang.org/std/f32/consts/constant.FRAC_2_PI.html  +5 links
[151f981d loop 6] job 0001  file html  https://doc.rust-lang.org/std/f32/consts/constant.FRAC_PI_4.html  +5 links
[151f981d loop 1] job 0001  file html  https://doc.rust-lang.org/std/f32/consts/constant.FRAC_PI_8.html  +5 links
[151f981d loop 9] job 0001  file html  https://doc.rust-lang.org/std/f32/consts/constant.LN_10.html  +5 links
[151f981d loop 4] job 0001  file html  https://doc.rust-lang.org/std/f32/consts/constant.LN_2.html  +5 links
[151f981d loop 7] job 0001  file html  https://doc.rust-lang.org/std/f32/consts/constant.SQRT_3.html  +5 links
[151f981d loop 5] job 0001  file html  https://doc.rust-lang.org/std/f32/consts/constant.SQRT_5.html  +5 links
[151f981d loop 8] job 0001  file html  https://doc.rust-lang.org/std/f32/consts/constant.TAU.html  +5 links
[151f981d loop 2] job 0001  file html  https://doc.rust-lang.org/std/f64/constant.DIGITS.html  +5 links
[151f981d loop 3] job 0001  file html  https://doc.rust-lang.org/std/f64/constant.MAX.html  +4 links
[151f981d loop 0] job 0001  file html  https://doc.rust-lang.org/std/f64/constant.MAX_10_EXP.html  +5 links
[151f981d loop 6] job 0001  file html  https://doc.rust-lang.org/std/f64/constant.MAX_EXP.html  +5 links
[151f981d loop 1] job 0001  file html  https://doc.rust-lang.org/std/f64/constant.MIN.html  +4 links
[151f981d loop 9] job 0001  file html  https://doc.rust-lang.org/std/f64/constant.MIN_10_EXP.html  +5 links
[151f981d loop 4] job 0001  file html  https://doc.rust-lang.org/std/f64/constant.MIN_POSITIVE.html  +4 links
[151f981d loop 7] job 0001  file html  https://doc.rust-lang.org/std/f64/consts/constant.EULER_GAMMA.html  +5 links
[151f981d loop 5] job 0001  file html  https://doc.rust-lang.org/std/f64/consts/constant.FRAC_1_PI.html  +5 links
[151f981d loop 8] job 0001  file html  https://doc.rust-lang.org/std/f64/consts/constant.FRAC_1_SQRT_2.html  +5 links
[151f981d loop 3] job 0001  file html  https://doc.rust-lang.org/std/f64/consts/constant.FRAC_1_SQRT_PI.html  +5 links
[151f981d loop 0] job 0001  file html  https://doc.rust-lang.org/std/f64/consts/constant.FRAC_2_PI.html  +5 links
[151f981d loop 2] job 0001  file html  https://doc.rust-lang.org/std/f64/consts/constant.FRAC_1_SQRT_2PI.html  +5 links
[151f981d loop 6] job 0001  file html  https://doc.rust-lang.org/std/f64/consts/constant.FRAC_PI_2.html  +5 links
[151f981d loop 1] job 0001  file html  https://doc.rust-lang.org/std/f64/consts/constant.FRAC_PI_3.html  +5 links
[151f981d loop 9] job 0001  file html  https://doc.rust-lang.org/std/f64/consts/constant.FRAC_PI_8.html  +5 links
[151f981d loop 4] job 0001  file html  https://doc.rust-lang.org/std/f64/consts/constant.GOLDEN_RATIO.html  +5 links
[151f981d loop 5] job 0001  file html  https://doc.rust-lang.org/std/f64/consts/constant.LN_2.html  +5 links
[151f981d loop 7] job 0001  file html  https://doc.rust-lang.org/std/f64/consts/constant.LN_10.html  +5 links
[151f981d loop 0] job 0001  file html  https://doc.rust-lang.org/std/f64/consts/constant.SQRT_2.html  +5 links
[151f981d loop 2] job 0001  file html  https://doc.rust-lang.org/std/f64/consts/constant.SQRT_3.html  +5 links
[151f981d loop 3] job 0001  file html  https://doc.rust-lang.org/std/f64/consts/constant.PI.html  +5 links
[151f981d loop 8] job 0001  file html  https://doc.rust-lang.org/std/i128/constant.MIN.html  +4 links
[151f981d loop 6] job 0001  file html  https://doc.rust-lang.org/std/i16/constant.MAX.html  +4 links
[151f981d loop 4] job 0001  file html  https://doc.rust-lang.org/std/i8/constant.MAX.html  +4 links
[151f981d loop 1] job 0001  file html  https://doc.rust-lang.org/std/i16/constant.MIN.html  +4 links
[151f981d loop 9] job 0001  file html  https://doc.rust-lang.org/std/i32/constant.MAX.html  +4 links
[151f981d loop 5] job 0001  file html  https://doc.rust-lang.org/std/i8/constant.MIN.html  +4 links
[151f981d loop 7] job 0001  file html  https://doc.rust-lang.org/std/isize/constant.MAX.html  +4 links
[151f981d loop 0] job 0001  file html  https://doc.rust-lang.org/std/os/fd/constant.STDERR.html  +8 links
[151f981d loop 2] job 0001  file html  https://doc.rust-lang.org/std/path/constant.MAIN_SEPARATOR.html  +4 links
[151f981d loop 8] job 0001  file html  https://doc.rust-lang.org/std/path/constant.SEPARATORS.html  +5 links
[151f981d loop 3] job 0001  file html  https://doc.rust-lang.org/std/path/constant.MAIN_SEPARATOR_STR.html  +4 links
[151f981d loop 6] job 0001  file html  https://doc.rust-lang.org/std/sync/constant.ONCE_INIT.html  +4 links
[151f981d loop 4] job 0001  file html  https://doc.rust-lang.org/std/time/constant.UNIX_EPOCH.html  +4 links
[151f981d loop 8] job 0001  file js    https://doc.rust-lang.org/std/vec/sidebar-items1.99.0.js  +0 links
[151f981d loop 1] job 0001  file html  https://doc.rust-lang.org/std/u128/constant.MIN.html  +4 links
[151f981d loop 9] job 0001  file html  https://doc.rust-lang.org/std/u16/constant.MAX.html  +4 links
[151f981d loop 3] job 0001  file js    https://doc.rust-lang.org/std/sidebar-items1.99.0.js  +0 links
[151f981d loop 6] job 0001  file js    https://doc.rust-lang.org/std/fs/sidebar-items1.99.0.js  +0 links
[151f981d loop 5] job 0001  file html  https://doc.rust-lang.org/std/u8/constant.MAX.html  +4 links
[151f981d loop 7] job 0001  file html  https://doc.rust-lang.org/std/u8/constant.MIN.html  +4 links
[151f981d loop 0] job 0001  file html  https://doc.rust-lang.org/std/usize/constant.MAX.html  +4 links
[151f981d loop 2] job 0001  file html  https://doc.rust-lang.org/std/usize/constant.MIN.html  +4 links
[151f981d loop 4] job 0001  file html  https://doc.rust-lang.org/std/env/consts/index.html  +11 links
[151f981d loop 8] job 0001  file html  https://doc.rust-lang.org/std/os/unix/io/index.html  +10 links
[151f981d loop 1] job 0001  file html  https://doc.rust-lang.org/std/os/windows/io/index.html  +24 links
[151f981d loop 9] job 0001  file html  https://doc.rust-lang.org/std/io/prelude/index.html  +8 links
[151f981d loop 3] job 0001  file html  https://doc.rust-lang.org/std/prelude/v1/index.html  +108 links
[151f981d loop 6] job 0001  file html  https://doc.rust-lang.org/std/prelude/rust_2015/index.html  +4 links
[151f981d loop 7] job 0001  file js    https://doc.rust-lang.org/std/thread/sidebar-items1.99.0.js  +0 links
[151f981d loop 5] job 0001  file html  https://doc.rust-lang.org/std/prelude/rust_2021/index.html  +5 links
[151f981d loop 0] job 0001  file js    https://doc.rust-lang.org/std/collections/sidebar-items1.99.0.js  +0 links
[151f981d loop 8] job 0001  file html  https://doc.rust-lang.org/std/f32/consts/index.html  +30 links
[151f981d loop 2] job 0001  file html  https://doc.rust-lang.org/std/sync/nonpoison/index.html  +15 links
[151f981d loop 4] job 0001  file html  https://doc.rust-lang.org/std/f64/consts/index.html  +30 links
[151f981d loop 1] job 0001  file html  https://doc.rust-lang.org/std/ffi/c_str/index.html  +13 links
[151f981d loop 9] job 0001  file html  https://doc.rust-lang.org/std/ffi/os_str/index.html  +9 links
[151f981d loop 3] job 0001  file html  https://doc.rust-lang.org/std/os/darwin/index.html  +6 links
[151f981d loop 6] job 0001  file html  https://doc.rust-lang.org/std/os/fd/index.html  +13 links
[151f981d loop 0] job 0001  file html  https://doc.rust-lang.org/std/os/unix/index.html  +18 links
[151f981d loop 5] job 0001  file html  https://doc.rust-lang.org/std/os/raw/index.html  +18 links
[151f981d loop 7] job 0001  file html  https://doc.rust-lang.org/std/os/linux/index.html  +9 links
[151f981d loop 8] job 0001  file html  https://doc.rust-lang.org/std/simd/cmp/index.html  +6 links
[151f981d loop 2] job 0001  file html  https://doc.rust-lang.org/std/simd/prelude/index.html  +3 links
[151f981d loop 4] job 0001  file html  https://doc.rust-lang.org/std/intrinsics/fallback/index.html  +7 links
[151f981d loop 3] job 0001  file js    https://doc.rust-lang.org/std/future/sidebar-items1.99.0.js  +0 links
[151f981d loop 6] job 0001  file js    https://doc.rust-lang.org/std/alloc/sidebar-items1.99.0.js  +0 links
[151f981d loop 1] job 0001  file html  https://doc.rust-lang.org/std/intrinsics/mir/index.html  +37 links
[151f981d loop 9] job 0001  file html  https://doc.rust-lang.org/std/intrinsics/simd/index.html  +80 links
[151f981d loop 0] job 0001  file js    https://doc.rust-lang.org/std/ascii/sidebar-items1.99.0.js  +0 links
[151f981d loop 5] job 0001  file js    https://doc.rust-lang.org/std/async_iter/sidebar-items1.99.0.js  +0 links
[151f981d loop 7] job 0001  file js    https://doc.rust-lang.org/std/boxed/sidebar-items1.99.0.js  +0 links
[151f981d loop 8] job 0001  file js    https://doc.rust-lang.org/std/backtrace/sidebar-items1.99.0.js  +0 links
[151f981d loop 0] job 0001  file js    https://doc.rust-lang.org/std/collections/binary_heap/sidebar-items1.99.0.js  +0 links
[151f981d loop 5] job 0001  file js    https://doc.rust-lang.org/std/collections/btree_map/sidebar-items1.99.0.js  +0 links
[151f981d loop 8] job 0001  file js    https://doc.rust-lang.org/std/collections/hash_map/sidebar-items1.99.0.js  +0 links
[151f981d loop 7] job 0001  file js    https://doc.rust-lang.org/std/collections/btree_set/sidebar-items1.99.0.js  +0 links
[151f981d loop 4] job 0001  file html  https://doc.rust-lang.org/std/i128/index.html  +5 links
[151f981d loop 2] job 0001  file html  https://doc.rust-lang.org/std/i64/index.html  +5 links
[151f981d loop 6] job 0001  file html  https://doc.rust-lang.org/std/hint/index.html  +17 links
[151f981d loop 3] job 0001  file html  https://doc.rust-lang.org/std/primitive.i16.html  +121 links
[151f981d loop 1] job 0001  file html  https://doc.rust-lang.org/std/hash/index.html  +13 links
[151f981d loop 9] job 0001  file html  https://doc.rust-lang.org/std/i8/index.html  +5 links
[151f981d loop 0] job 0001  file js    https://doc.rust-lang.org/std/mem/sidebar-items1.99.0.js  +0 links
[151f981d loop 5] job 0001  file js    https://doc.rust-lang.org/std/mem/type_info/sidebar-items1.99.0.js  +0 links
[151f981d loop 8] job 0001  file js    https://doc.rust-lang.org/std/num/sidebar-items1.99.0.js  +0 links
[151f981d loop 7] job 0001  file js    https://doc.rust-lang.org/std/ops/sidebar-items1.99.0.js  +0 links
[151f981d loop 4] job 0001  file js    https://doc.rust-lang.org/std/os/fd/sidebar-items1.99.0.js  +0 links
[151f981d loop 2] job 0001  file js    https://doc.rust-lang.org/std/os/linux/process/sidebar-items1.99.0.js  +0 links
[151f981d loop 0] job 0001  file js    https://doc.rust-lang.org/std/os/unix/net/sidebar-items1.99.0.js  +0 links
[151f981d loop 8] job 0001  file js    https://doc.rust-lang.org/std/os/linux/raw/sidebar-items1.99.0.js  +0 links
[151f981d loop 4] job 0001  file js    https://doc.rust-lang.org/std/os/unix/xdg/sidebar-items1.99.0.js  +0 links
[151f981d loop 3] job 0001  file js    https://doc.rust-lang.org/std/os/windows/io/sidebar-items1.99.0.js  +0 links
[151f981d loop 1] job 0001  file js    https://doc.rust-lang.org/std/os/windows/ffi/sidebar-items1.99.0.js  +0 links
[151f981d loop 6] job 0001  file html  https://doc.rust-lang.org/std/os/linux/process/index.html  +10 links
[151f981d loop 5] job 0001  file html  https://doc.rust-lang.org/std/os/unix/net/index.html  +17 links
[151f981d loop 7] job 0001  file html  https://doc.rust-lang.org/std/os/linux/raw/index.html  +14 links
[151f981d loop 2] job 0001  file html  https://doc.rust-lang.org/std/os/unix/xdg/index.html  +12 links
[151f981d loop 0] job 0001  file js    https://doc.rust-lang.org/std/os/windows/net/sidebar-items1.99.0.js  +0 links
[151f981d loop 4] job 0001  file js    https://doc.rust-lang.org/std/os/windows/process/sidebar-items1.99.0.js  +0 links
[151f981d loop 9] job 0001  file html  https://doc.rust-lang.org/std/os/windows/ffi/index.html  +12 links
[151f981d loop 1] job 0001  file js    https://doc.rust-lang.org/std/panic/sidebar-items1.99.0.js  +0 links
[151f981d loop 6] job 0001  file js    https://doc.rust-lang.org/std/path/sidebar-items1.99.0.js  +0 links
[151f981d loop 5] job 0001  file js    https://doc.rust-lang.org/std/pin/sidebar-items1.99.0.js  +0 links
[151f981d loop 7] job 0001  file js    https://doc.rust-lang.org/std/process/sidebar-items1.99.0.js  +0 links
[151f981d loop 3] job 0001  file html  https://doc.rust-lang.org/std/os/windows/process/index.html  +14 links
[151f981d loop 2] job 0001  file js    https://doc.rust-lang.org/std/ptr/sidebar-items1.99.0.js  +0 links
[151f981d loop 0] job 0001  file js    https://doc.rust-lang.org/std/random/sidebar-items1.99.0.js  +0 links
[151f981d loop 4] job 0001  file js    https://doc.rust-lang.org/std/range/sidebar-items1.99.0.js  +0 links
[151f981d loop 8] job 0001  file html  https://doc.rust-lang.org/std/os/windows/net/index.html  +8 links
[151f981d loop 9] job 0001  file js    https://doc.rust-lang.org/std/range/legacy/sidebar-items1.99.0.js  +0 links
[151f981d loop 1] job 0001  file js    https://doc.rust-lang.org/std/simd/sidebar-items1.99.0.js  +0 links
[151f981d loop 6] job 0001  file js    https://doc.rust-lang.org/std/slice/sidebar-items1.99.0.js  +0 links
[151f981d loop 5] job 0001  file js    https://doc.rust-lang.org/std/str/pattern/sidebar-items1.99.0.js  +0 links
[151f981d loop 7] job 0001  file js    https://doc.rust-lang.org/std/sync/mpmc/sidebar-items1.99.0.js  +0 links
[151f981d loop 3] job 0001  file js    https://doc.rust-lang.org/std/sync/mpsc/sidebar-items1.99.0.js  +0 links
[151f981d loop 2] job 0001  file js    https://doc.rust-lang.org/std/sync/atomic/sidebar-items1.99.0.js  +0 links
[151f981d loop 0] job 0001  file js    https://doc.rust-lang.org/std/sync/nonpoison/sidebar-items1.99.0.js  +0 links
[151f981d loop 4] job 0001  file js    https://doc.rust-lang.org/std/sync/poison/sidebar-items1.99.0.js  +0 links
[151f981d loop 8] job 0001  file js    https://doc.rust-lang.org/std/sync/oneshot/sidebar-items1.99.0.js  +0 links
[151f981d loop 9] job 0001  file js    https://doc.rust-lang.org/std/task/sidebar-items1.99.0.js  +0 links
[151f981d loop 1] job 0001  file js    https://doc.rust-lang.org/std/time/sidebar-items1.99.0.js  +0 links
[151f981d loop 6] job 0001  file js    https://doc.rust-lang.org/std/borrow/sidebar-items1.99.0.js  +0 links
[151f981d loop 5] job 0001  file js    https://doc.rust-lang.org/std/convert/sidebar-items1.99.0.js  +0 links
[151f981d loop 7] job 0001  file js    https://doc.rust-lang.org/std/hint/sidebar-items1.99.0.js  +0 links
[151f981d loop 3] job 0001  file js    https://doc.rust-lang.org/std/intrinsics/sidebar-items1.99.0.js  +0 links
[151f981d loop 2] job 0001  file js    https://doc.rust-lang.org/std/intrinsics/simd/sidebar-items1.99.0.js  +0 links
[151f981d loop 0] job 0001  file js    https://doc.rust-lang.org/std/clone/sidebar-items1.99.0.js  +0 links
[151f981d loop 4] job 0001  file js    https://doc.rust-lang.org/std/default/sidebar-items1.99.0.js  +0 links
[151f981d loop 8] job 0001  file js    https://doc.rust-lang.org/std/intrinsics/fallback/sidebar-items1.99.0.js  +0 links
[151f981d loop 9] job 0001  file js    https://doc.rust-lang.org/std/io/prelude/sidebar-items1.99.0.js  +0 links
[151f981d loop 1] job 0001  file js    https://doc.rust-lang.org/std/os/darwin/fs/sidebar-items1.99.0.js  +0 links
[151f981d loop 5] job 0001  file js    https://doc.rust-lang.org/std/os/linux/fs/sidebar-items1.99.0.js  +0 links
[151f981d loop 3] job 0001  file js    https://doc.rust-lang.org/std/os/linux/net/sidebar-items1.99.0.js  +0 links
[151f981d loop 0] job 0001  file js    https://doc.rust-lang.org/std/os/unix/ffi/sidebar-items1.99.0.js  +0 links
[151f981d loop 8] job 0001  file js    https://doc.rust-lang.org/std/os/unix/fs/sidebar-items1.99.0.js  +0 links
[151f981d loop 6] job 0001  file html  https://doc.rust-lang.org/std/os/darwin/fs/index.html  +9 links
[151f981d loop 1] job 0001  file js    https://doc.rust-lang.org/std/os/unix/process/sidebar-items1.99.0.js  +0 links
[151f981d loop 3] job 0001  file js    https://doc.rust-lang.org/std/os/unix/io/sidebar-items1.99.0.js  +0 links
[151f981d loop 2] job 0001  file html  https://doc.rust-lang.org/std/os/linux/net/index.html  +11 links
[151f981d loop 7] job 0001  file html  https://doc.rust-lang.org/std/os/linux/fs/index.html  +7 links
[151f981d loop 0] job 0001  file js    https://doc.rust-lang.org/std/os/unix/thread/sidebar-items1.99.0.js  +0 links
[151f981d loop 4] job 0001  file html  https://doc.rust-lang.org/std/os/unix/ffi/index.html  +9 links
[151f981d loop 6] job 0001  file js    https://doc.rust-lang.org/std/os/wasi/ffi/sidebar-items1.99.0.js  +0 links
[151f981d loop 3] job 0001  file js    https://doc.rust-lang.org/std/os/wasi/fs/sidebar-items1.99.0.js  +0 links
[151f981d loop 9] job 0001  file html  https://doc.rust-lang.org/std/os/unix/fs/index.html  +26 links
[151f981d loop 5] job 0001  file html  https://doc.rust-lang.org/std/os/unix/process/index.html  +12 links
[151f981d loop 7] job 0001  file js    https://doc.rust-lang.org/std/os/windows/fs/sidebar-items1.99.0.js  +0 links
[151f981d loop 8] job 0001  file html  https://doc.rust-lang.org/std/os/unix/thread/index.html  +8 links
[151f981d loop 1] job 0001  file html  https://doc.rust-lang.org/std/os/wasi/ffi/index.html  +9 links
[151f981d loop 4] job 0001  file js    https://doc.rust-lang.org/std/simd/cmp/sidebar-items1.99.0.js  +0 links
[151f981d loop 6] job 0001  file js    https://doc.rust-lang.org/std/simd/num/sidebar-items1.99.0.js  +0 links
[151f981d loop 3] job 0001  file js    https://doc.rust-lang.org/std/simd/ptr/sidebar-items1.99.0.js  +0 links
[151f981d loop 9] job 0001  file js    https://doc.rust-lang.org/std/arch/sidebar-items1.99.0.js  +0 links
[151f981d loop 2] job 0001  file html  https://doc.rust-lang.org/std/os/wasi/fs/index.html  +16 links
[151f981d loop 0] job 0001  file html  https://doc.rust-lang.org/std/os/windows/fs/index.html  +21 links
[151f981d loop 5] job 0001  file js    https://doc.rust-lang.org/std/offload/sidebar-items1.99.0.js  +0 links
[151f981d loop 7] job 0001  file js    https://doc.rust-lang.org/std/offload/offload/sidebar-items1.99.0.js  +0 links
[151f981d loop 8] job 0001  file js    https://doc.rust-lang.org/std/pat/sidebar-items1.99.0.js  +0 links
[151f981d loop 1] job 0001  file js    https://doc.rust-lang.org/std/prelude/v1/sidebar-items1.99.0.js  +0 links
[151f981d loop 4] job 0001  file js    https://doc.rust-lang.org/std/unsafe_binder/sidebar-items1.99.0.js  +0 links
[151f981d loop 6] job 0001  file js    https://doc.rust-lang.org/std/view/sidebar-items1.99.0.js  +0 links
[151f981d loop 3] job 0001  file js    https://doc.rust-lang.org/std/autodiff/sidebar-items1.99.0.js  +0 links
[151f981d loop 9] job 0001  file js    https://doc.rust-lang.org/std/from/sidebar-items1.99.0.js  +0 links
[151f981d loop 2] job 0001  file js    https://doc.rust-lang.org/std/intrinsics/simd/scalable/sidebar-items1.99.0.js  +0 links
[151f981d loop 5] job 0001  file js    https://doc.rust-lang.org/std/os/raw/sidebar-items1.99.0.js  +0 links
[151f981d loop 7] job 0001  file js    https://doc.rust-lang.org/std/os/unix/raw/sidebar-items1.99.0.js  +0 links
[151f981d loop 1] job 0001  file js    https://doc.rust-lang.org/std/os/windows/raw/sidebar-items1.99.0.js  +0 links
[151f981d loop 6] job 0001  file js    https://doc.rust-lang.org/std/env/consts/sidebar-items1.99.0.js  +0 links
[151f981d loop 3] job 0001  file js    https://doc.rust-lang.org/std/f128/consts/sidebar-items1.99.0.js  +0 links
[151f981d loop 9] job 0001  file js    https://doc.rust-lang.org/std/f16/consts/sidebar-items1.99.0.js  +0 links
[151f981d loop 2] job 0001  file js    https://doc.rust-lang.org/std/f32/sidebar-items1.99.0.js  +0 links
[151f981d loop 0] job 0001  file html  https://doc.rust-lang.org/std/intrinsics/simd/scalable/index.html  +9 links
[151f981d loop 5] job 0001  file js    https://doc.rust-lang.org/std/f32/consts/sidebar-items1.99.0.js  +0 links
[151f981d loop 7] job 0001  file js    https://doc.rust-lang.org/std/f64/sidebar-items1.99.0.js  +0 links
[151f981d loop 1] job 0001  file js    https://doc.rust-lang.org/std/f64/consts/sidebar-items1.99.0.js  +0 links
[151f981d loop 8] job 0001  file html  https://doc.rust-lang.org/std/os/unix/raw/index.html  +16 links
[151f981d loop 6] job 0001  file js    https://doc.rust-lang.org/std/i128/sidebar-items1.99.0.js  +0 links
[151f981d loop 4] job 0001  file html  https://doc.rust-lang.org/std/os/windows/raw/index.html  +6 links
[151f981d loop 3] job 0001  file js    https://doc.rust-lang.org/std/i16/sidebar-items1.99.0.js  +0 links
[151f981d loop 9] job 0001  file js    https://doc.rust-lang.org/std/i32/sidebar-items1.99.0.js  +0 links
[151f981d loop 2] job 0001  file js    https://doc.rust-lang.org/std/i8/sidebar-items1.99.0.js  +0 links
[151f981d loop 0] job 0001  file js    https://doc.rust-lang.org/std/i64/sidebar-items1.99.0.js  +0 links
[151f981d loop 5] job 0001  file js    https://doc.rust-lang.org/std/isize/sidebar-items1.99.0.js  +0 links
[151f981d loop 7] job 0001  file js    https://doc.rust-lang.org/std/u128/sidebar-items1.99.0.js  +0 links
[151f981d loop 1] job 0001  file js    https://doc.rust-lang.org/std/u16/sidebar-items1.99.0.js  +0 links
[151f981d loop 8] job 0001  file js    https://doc.rust-lang.org/std/u8/sidebar-items1.99.0.js  +0 links
[151f981d loop 6] job 0001  file js    https://doc.rust-lang.org/std/u32/sidebar-items1.99.0.js  +0 links
[151f981d loop 4] job 0001  file js    https://doc.rust-lang.org/std/u64/sidebar-items1.99.0.js  +0 links
[151f981d loop 3] job 0001  file js    https://doc.rust-lang.org/std/usize/sidebar-items1.99.0.js  +0 links
[151f981d loop 9] job 0001  file js    https://doc.rust-lang.org/std/prelude/sidebar-items1.99.0.js  +0 links
[151f981d loop 2] job 0001  file js    https://doc.rust-lang.org/std/os/unix/sidebar-items1.99.0.js  +0 links
[151f981d loop 0] job 0001  file js    https://doc.rust-lang.org/std/os/windows/sidebar-items1.99.0.js  +0 links
[151f981d loop 5] job 0001  file js    https://doc.rust-lang.org/std/f16/sidebar-items1.99.0.js  +0 links
[151f981d loop 7] job 0001  file js    https://doc.rust-lang.org/std/os/sidebar-items1.99.0.js  +0 links
[151f981d loop 2] job 0001  file js    https://doc.rust-lang.org/std/f128/sidebar-items1.99.0.js  +0 links
[151f981d loop 0] job 0001  file js    https://doc.rust-lang.org/std/os/linux/sidebar-items1.99.0.js  +0 links
[151f981d loop 5] job 0001  file js    https://doc.rust-lang.org/std/os/darwin/sidebar-items1.99.0.js  +0 links
[151f981d loop 7] job 0001  file js    https://doc.rust-lang.org/std/os/wasi/sidebar-items1.99.0.js  +0 links
[151f981d loop 1] job 0001  file html  https://doc.rust-lang.org/std/os/darwin/objc/index.html  +4 links
[151f981d loop 8] job 0001  file html  https://doc.rust-lang.org/std/os/windows/prelude/index.html  +24 links
[151f981d loop 6] job 0001  file html  https://doc.rust-lang.org/std/os/windows/thread/index.html  +5 links
[151f981d loop 4] job 0001  file html  https://doc.rust-lang.org/std/os/unix/prelude/index.html  +23 links
[151f981d loop 3] job 0001  file html  https://doc.rust-lang.org/std/os/wasi/io/index.html  +5 links
[151f981d loop 9] job 0001  file html  https://doc.rust-lang.org/std/os/wasi/prelude/index.html  +18 links
